Archive member included to satisfy reference by file (symbol)

esp-idf/esp_bootloader_format/libesp_bootloader_format.a(esp_bootloader_desc.c.obj)
                              (esp_bootloader_desc)
esp-idf/bootloader_support/libbootloader_support.a(bootloader_panic.c.obj)
                              (__assert_func)
esp-idf/esp_system/libesp_system.a(fpga_overrides_clk.c.obj)
                              (esp_common_include_fpga_overrides_clk)
esp-idf/esp_system/libesp_system.a(fpga_overrides_rng.c.obj)
                              (esp_common_include_fpga_overrides_rng)
esp-idf/log/liblog.a(log_timestamp.c.obj)
                              esp-idf/esp_system/libesp_system.a(fpga_overrides_clk.c.obj) (esp_log_timestamp)
esp-idf/main/libmain.a(bootloader_start.c.obj)
                              (call_start_cpu0)
esp-idf/bootloader_support/libbootloader_support.a(bootloader_utility.c.obj)
                              esp-idf/main/libmain.a(bootloader_start.c.obj) (bootloader_utility_load_partition_table)
esp-idf/bootloader_support/libbootloader_support.a(flash_partitions.c.obj)
                              esp-idf/bootloader_support/libbootloader_support.a(bootloader_utility.c.obj) (esp_partition_table_verify)
esp-idf/bootloader_support/libbootloader_support.a(esp_image_format.c.obj)
                              esp-idf/bootloader_support/libbootloader_support.a(bootloader_utility.c.obj) (bootloader_load_image)
esp-idf/bootloader_support/libbootloader_support.a(bootloader_console_loader.c.obj)
                              esp-idf/bootloader_support/libbootloader_support.a(bootloader_utility.c.obj) (bootloader_console_deinit)
esp-idf/bootloader_support/libbootloader_support.a(bootloader_sha.c.obj)
                              esp-idf/bootloader_support/libbootloader_support.a(bootloader_utility.c.obj) (bootloader_sha256_start)
esp-idf/bootloader_support/libbootloader_support.a(bootloader_soc.c.obj)
                              esp-idf/bootloader_support/libbootloader_support.a(bootloader_utility.c.obj) (bootloader_ana_clock_glitch_reset_config)
esp-idf/bootloader_support/libbootloader_support.a(bootloader_esp32h21.c.obj)
                              esp-idf/main/libmain.a(bootloader_start.c.obj) (bootloader_init)
esp-idf/bootloader_support/libbootloader_support.a(bootloader_common_loader.c.obj)
                              esp-idf/bootloader_support/libbootloader_support.a(bootloader_utility.c.obj) (bootloader_common_ota_select_crc)
esp-idf/bootloader_support/libbootloader_support.a(bootloader_mem.c.obj)
                              esp-idf/bootloader_support/libbootloader_support.a(bootloader_esp32h21.c.obj) (bootloader_init_mem)
esp-idf/bootloader_support/libbootloader_support.a(bootloader_random.c.obj)
                              esp-idf/bootloader_support/libbootloader_support.a(bootloader_utility.c.obj) (bootloader_random_disable)
esp-idf/bootloader_support/libbootloader_support.a(flash_encrypt.c.obj)
                              esp-idf/bootloader_support/libbootloader_support.a(bootloader_utility.c.obj) (esp_flash_encryption_enabled)
esp-idf/bootloader_support/libbootloader_support.a(bootloader_flash.c.obj)
                              esp-idf/bootloader_support/libbootloader_support.a(bootloader_utility.c.obj) (bootloader_mmap_get_free_pages)
esp-idf/bootloader_support/libbootloader_support.a(bootloader_flash_config_esp32h21.c.obj)
                              esp-idf/bootloader_support/libbootloader_support.a(bootloader_esp32h21.c.obj) (bootloader_flash_update_id)
esp-idf/bootloader_support/libbootloader_support.a(bootloader_init.c.obj)
                              esp-idf/bootloader_support/libbootloader_support.a(bootloader_esp32h21.c.obj) (bootloader_clear_bss_section)
esp-idf/bootloader_support/libbootloader_support.a(bootloader_console.c.obj)
                              esp-idf/bootloader_support/libbootloader_support.a(bootloader_esp32h21.c.obj) (bootloader_console_init)
esp-idf/efuse/libefuse.a(esp_efuse_table.c.obj)
                              esp-idf/bootloader_support/libbootloader_support.a(flash_encrypt.c.obj) (ESP_EFUSE_DIS_DIRECT_BOOT)
esp-idf/efuse/libefuse.a(esp_efuse_fields.c.obj)
                              esp-idf/bootloader_support/libbootloader_support.a(flash_encrypt.c.obj) (esp_efuse_disable_rom_download_mode)
esp-idf/efuse/libefuse.a(esp_efuse_api.c.obj)
                              esp-idf/bootloader_support/libbootloader_support.a(flash_encrypt.c.obj) (esp_efuse_read_field_blob)
esp-idf/efuse/libefuse.a(esp_efuse_utility.c.obj)
                              esp-idf/efuse/libefuse.a(esp_efuse_api.c.obj) (esp_efuse_utility_process)
esp-idf/efuse/libefuse.a(esp_efuse_api_key.c.obj)
                              esp-idf/bootloader_support/libbootloader_support.a(flash_encrypt.c.obj) (esp_efuse_get_key_dis_read)
esp-idf/efuse/libefuse.a(esp_efuse_utility.c.obj)
[...]
Memory Configuration

Name             Origin             Length             Attributes
iram_seg         0x40838d78         0x00002d00         xrw
iram_loader_seg  0x4083ba78         0x00007000         xrw
dram_seg         0x40842a78         0x00005000         rw
*default*        0x00000000         0xffffffff

Linker script and memory map

                0x00000000                        IDF_TARGET_ESP32H21 = 0x0
LOAD CMakeFiles/bootloader.elf.dir/project_elf_src_esp32h21.c.obj
LOAD esp-idf/soc/libsoc.a
LOAD esp-idf/micro-ecc/libmicro-ecc.a
LOAD esp-idf/hal/libhal.a
LOAD esp-idf/spi_flash/libspi_flash.a
LOAD esp-idf/esp_bootloader_format/libesp_bootloader_format.a
LOAD esp-idf/bootloader_support/libbootloader_support.a
LOAD esp-idf/efuse/libefuse.a
LOAD esp-idf/esp_system/libesp_system.a
LOAD esp-idf/esp_hw_support/libesp_hw_support.a
LOAD esp-idf/esp_common/libesp_common.a
LOAD esp-idf/esp_rom/libesp_rom.a
LOAD esp-idf/log/liblog.a
LOAD esp-idf/main/libmain.a
LOAD esp-idf/soc/libsoc.a
LOAD esp-idf/micro-ecc/libmicro-ecc.a
LOAD esp-idf/hal/libhal.a
LOAD esp-idf/spi_flash/libspi_flash.a
LOAD esp-idf/esp_bootloader_format/libesp_bootloader_format.a
LOAD esp-idf/bootloader_support/libbootloader_support.a
LOAD esp-idf/efuse/libefuse.a
LOAD esp-idf/esp_system/libesp_system.a
LOAD esp-idf/esp_hw_support/libesp_hw_support.a
LOAD esp-idf/esp_common/libesp_common.a
LOAD esp-idf/esp_rom/libesp_rom.a
LOAD esp-idf/log/liblog.a
LOAD esp-idf/soc/libsoc.a
LOAD esp-idf/micro-ecc/libmicro-ecc.a
LOAD esp-idf/hal/libhal.a
LOAD esp-idf/spi_flash/libspi_flash.a
LOAD esp-idf/esp_bootloader_format/libesp_bootloader_format.a
LOAD esp-idf/bootloader_support/libbootloader_support.a
LOAD esp-idf/efuse/libefuse.a
LOAD esp-idf/esp_system/libesp_system.a
LOAD esp-idf/esp_hw_support/libesp_hw_support.a
LOAD esp-idf/esp_common/libesp_common.a
LOAD esp-idf/esp_rom/libesp_rom.a
LOAD esp-idf/log/liblog.a
LOAD esp-idf/soc/libsoc.a
LOAD esp-idf/micro-ecc/libmicro-ecc.a
LOAD esp-idf/hal/libhal.a
LOAD esp-idf/spi_flash/libspi_flash.a
LOAD esp-idf/esp_bootloader_format/libesp_bootloader_format.a
LOAD esp-idf/bootloader_support/libbootloader_support.a
LOAD esp-idf/efuse/libefuse.a
LOAD esp-idf/esp_system/libesp_system.a
LOAD esp-idf/esp_hw_support/libesp_hw_support.a
LOAD esp-idf/esp_common/libesp_common.a
LOAD esp-idf/esp_rom/libesp_rom.a
LOAD esp-idf/log/liblog.a
LOAD esp-idf/soc/libsoc.a
LOAD esp-idf/micro-ecc/libmicro-ecc.a
LOAD esp-idf/hal/libhal.a
LOAD esp-idf/spi_flash/libspi_flash.a
LOAD esp-idf/esp_bootloader_format/libesp_bootloader_format.a
LOAD esp-idf/bootloader_support/libbootloader_support.a
LOAD esp-idf/efuse/libefuse.a
LOAD esp-idf/esp_system/libesp_system.a
LOAD esp-idf/esp_hw_support/libesp_hw_support.a
LOAD esp-idf/esp_common/libesp_common.a
LOAD esp-idf/esp_rom/libesp_rom.a
LOAD esp-idf/log/liblog.a
LOAD /home/fhrbata/.espressif/tools/riscv32-esp-elf/esp-14.2.0_20241119/riscv32-esp-elf/bin/../lib/gcc/riscv32-esp-elf/14.2.0/rv32imac_zicsr_zifencei/ilp32/no-rtti/libgcc.a
LOAD /home/fhrbata/.espressif/tools/riscv32-esp-elf/esp-14.2.0_20241119/riscv32-esp-elf/bin/../lib/gcc/riscv32-esp-elf/14.2.0/../../../../riscv32-esp-elf/lib/rv32imac_zicsr_zifencei/ilp32/no-rtti/libc.a
LOAD /home/fhrbata/.espressif/tools/riscv32-esp-elf/esp-14.2.0_20241119/riscv32-esp-elf/bin/../lib/gcc/riscv32-esp-elf/14.2.0/../../../../riscv32-esp-elf/lib/rv32imac_zicsr_zifencei/ilp32/no-rtti/libnosys.a
LOAD /home/fhrbata/.espressif/tools/riscv32-esp-elf/esp-14.2.0_20241119/riscv32-esp-elf/bin/../lib/gcc/riscv32-esp-elf/14.2.0/../../../../riscv32-esp-elf/lib/rv32imac_zicsr_zifencei/ilp32/no-rtti/libc.a
LOAD /home/fhrbata/.espressif/tools/riscv32-esp-elf/esp-14.2.0_20241119/riscv32-esp-elf/bin/../lib/gcc/riscv32-esp-elf/14.2.0/rv32imac_zicsr_zifencei/ilp32/no-rtti/libgcc.a
START GROUP
LOAD /home/fhrbata/.espressif/tools/riscv32-esp-elf/esp-14.2.0_20241119/riscv32-esp-elf/bin/../lib/gcc/riscv32-esp-elf/14.2.0/rv32imac_zicsr_zifencei/ilp32/no-rtti/libgcc.a
LOAD /home/fhrbata/.espressif/tools/riscv32-esp-elf/esp-14.2.0_20241119/riscv32-esp-elf/bin/../lib/gcc/riscv32-esp-elf/14.2.0/../../../../riscv32-esp-elf/lib/rv32imac_zicsr_zifencei/ilp32/no-rtti/libc.a
LOAD /home/fhrbata/.espressif/tools/riscv32-esp-elf/esp-14.2.0_20241119/riscv32-esp-elf/bin/../lib/gcc/riscv32-esp-elf/14.2.0/../../../../riscv32-esp-elf/lib/rv32imac_zicsr_zifencei/ilp32/no-rtti/libnosys.a
END GROUP
                [!provide]                        PROVIDE (esprv_int_set_priority = esprv_intc_int_set_priority)
                [!provide]                        PROVIDE (esprv_int_set_threshold = esprv_intc_int_set_threshold)
                [!provide]                        PROVIDE (esprv_int_enable = esprv_intc_int_enable)
                [!provide]                        PROVIDE (esprv_int_disable = esprv_intc_int_disable)
                [!provide]                        PROVIDE (esprv_int_set_type = esprv_intc_int_set_type)
                0x40000018                        rtc_get_reset_reason = 0x40000018
                0x4000001c                        analog_super_wdt_reset_happened = 0x4000001c
                0x40000020                        rtc_get_wakeup_cause = 0x40000020
                0x40000024                        rtc_unhold_all_pads = 0x40000024
                0x40000028                        ets_printf = 0x40000028
                0x4000002c                        ets_install_putc1 = 0x4000002c
                0x40000030                        ets_install_putc2 = 0x40000030
                0x40000034                        ets_install_uart_printf = 0x40000034
                0x40000038                        ets_install_usb_printf = 0x40000038
                0x4000003c                        ets_get_printf_channel = 0x4000003c
                0x40000040                        ets_delay_us = 0x40000040
                0x40000044                        ets_get_cpu_frequency = 0x40000044
                0x40000048                        ets_update_cpu_frequency = 0x40000048
                0x4000004c                        ets_install_lock = 0x4000004c
                0x40000050                        UartRxString = 0x40000050
                0x40000054                        UartGetCmdLn = 0x40000054
                0x40000058                        uart_tx_one_char = 0x40000058
                0x4000005c                        uart_tx_one_char2 = 0x4000005c
                0x40000060                        uart_rx_one_char = 0x40000060
                0x40000064                        uart_rx_one_char_block = 0x40000064
                0x40000068                        uart_rx_intr_handler = 0x40000068
                0x4000006c                        uart_rx_readbuff = 0x4000006c
                0x40000070                        uartAttach = 0x40000070
                0x40000074                        uart_tx_flush = 0x40000074
                0x40000078                        uart_tx_wait_idle = 0x40000078
                0x4000007c                        uart_div_modify = 0x4000007c
                0x40000080                        ets_write_char_uart = 0x40000080
                0x40000084                        uart_tx_switch = 0x40000084
                0x40000088                        roundup2 = 0x40000088
                0x4000008c                        multofup = 0x4000008c
                0x40000090                        software_reset = 0x40000090
                0x40000094                        software_reset_cpu = 0x40000094
                0x40000098                        ets_clk_assist_debug_clock_enable = 0x40000098
                0x4000009c                        clear_super_wdt_reset_flag = 0x4000009c
                0x400000a0                        disable_default_watchdog = 0x400000a0
                0x400000a4                        esp_rom_set_rtc_wake_addr = 0x400000a4
                0x400000a8                        esp_rom_get_rtc_wake_addr = 0x400000a8
                0x400000ac                        send_packet = 0x400000ac
                0x400000b0                        recv_packet = 0x400000b0
                0x400000b4                        GetUartDevice = 0x400000b4
                0x400000b8                        UartDwnLdProc = 0x400000b8
                0x400000bc                        GetSecurityInfoProc = 0x400000bc
                0x400000c0                        Uart_Init = 0x400000c0
                0x400000c4                        ets_set_user_start = 0x400000c4
                0x4001fffc                        ets_rom_layout_p = 0x4001fffc
                0x4084fff8                        ets_ops_table_ptr = 0x4084fff8
                0x4084fffc                        g_saved_pc = 0x4084fffc
                0x400000c8                        mz_adler32 = 0x400000c8
                0x400000cc                        mz_free = 0x400000cc
                0x400000d0                        tdefl_compress = 0x400000d0
                0x400000d4                        tdefl_compress_buffer = 0x400000d4
                0x400000d8                        tdefl_compress_mem_to_heap = 0x400000d8
                0x400000dc                        tdefl_compress_mem_to_mem = 0x400000dc
                0x400000e0                        tdefl_compress_mem_to_output = 0x400000e0
                0x400000e4                        tdefl_get_adler32 = 0x400000e4
                0x400000e8                        tdefl_get_prev_return_status = 0x400000e8
                0x400000ec                        tdefl_init = 0x400000ec
                0x400000f0                        tdefl_write_image_to_png_file_in_memory = 0x400000f0
                0x400000f4                        tdefl_write_image_to_png_file_in_memory_ex = 0x400000f4
                0x400000f8                        tinfl_decompress = 0x400000f8
                0x400000fc                        tinfl_decompress_mem_to_callback = 0x400000fc
                0x40000100                        tinfl_decompress_mem_to_heap = 0x40000100
                0x40000104                        tinfl_decompress_mem_to_mem = 0x40000104
                0x40000108                        esp_rom_spiflash_wait_idle = 0x40000108
                0x4000010c                        esp_rom_spiflash_write_encrypted = 0x4000010c
                0x40000110                        esp_rom_spiflash_write_encrypted_dest = 0x40000110
                0x40000114                        esp_rom_spiflash_write_encrypted_enable = 0x40000114
                0x40000118                        esp_rom_spiflash_write_encrypted_disable = 0x40000118
                0x4000011c                        esp_rom_spiflash_erase_chip = 0x4000011c
                0x40000120                        _esp_rom_spiflash_erase_sector = 0x40000120
                0x40000124                        _esp_rom_spiflash_erase_block = 0x40000124
                0x40000128                        _esp_rom_spiflash_write = 0x40000128
                0x4000012c                        _esp_rom_spiflash_read = 0x4000012c
                0x40000130                        _esp_rom_spiflash_unlock = 0x40000130
                0x40000134                        _SPIEraseArea = 0x40000134
                0x40000138                        _SPI_write_enable = 0x40000138
                0x4000013c                        esp_rom_spiflash_erase_sector = 0x4000013c
                0x40000140                        esp_rom_spiflash_erase_block = 0x40000140
                0x40000144                        esp_rom_spiflash_write = 0x40000144
                0x40000148                        esp_rom_spiflash_read = 0x40000148
                0x4000014c                        esp_rom_spiflash_unlock = 0x4000014c
                0x40000150                        SPIEraseArea = 0x40000150
                0x40000154                        SPI_write_enable = 0x40000154
                0x40000158                        esp_rom_spiflash_config_param = 0x40000158
                0x4000015c                        esp_rom_spiflash_read_user_cmd = 0x4000015c
                0x40000160                        esp_rom_spiflash_select_qio_pins = 0x40000160
                0x40000164                        esp_rom_spi_flash_auto_sus_res = 0x40000164
                0x40000168                        esp_rom_spi_flash_send_resume = 0x40000168
                0x4000016c                        esp_rom_spi_flash_update_id = 0x4000016c
                0x40000170                        esp_rom_spiflash_config_clk = 0x40000170
                0x40000174                        esp_rom_spiflash_config_readmode = 0x40000174
                0x40000178                        esp_rom_spiflash_read_status = 0x40000178
                0x4000017c                        esp_rom_spiflash_read_statushigh = 0x4000017c
                0x40000180                        esp_rom_spiflash_write_status = 0x40000180
                0x40000184                        spi_cache_mode_switch = 0x40000184
                0x40000188                        spi_common_set_dummy_output = 0x40000188
                0x4000018c                        spi_common_set_flash_cs_timing = 0x4000018c
                0x40000190                        esp_rom_spi_set_address_bit_len = 0x40000190
                0x40000194                        SPILock = 0x40000194
                0x40000198                        SPIMasterReadModeCnfig = 0x40000198
                0x4000019c                        SPI_Common_Command = 0x4000019c
                0x400001a0                        SPI_WakeUp = 0x400001a0
                0x400001a4                        SPI_block_erase = 0x400001a4
                0x400001a8                        SPI_chip_erase = 0x400001a8
                0x400001ac                        SPI_init = 0x400001ac
                0x400001b0                        SPI_page_program = 0x400001b0
                0x400001b4                        SPI_read_data = 0x400001b4
                0x400001b8                        SPI_sector_erase = 0x400001b8
                0x400001bc                        SelectSpiFunction = 0x400001bc
                0x400001c0                        SetSpiDrvs = 0x400001c0
                0x400001c4                        Wait_SPI_Idle = 0x400001c4
                0x400001c8                        spi_dummy_len_fix = 0x400001c8
                0x400001cc                        Disable_QMode = 0x400001cc
                0x400001d0                        Enable_QMode = 0x400001d0
                0x400001d4                        spi_flash_attach = 0x400001d4
                0x400001d8                        spi_flash_get_chip_size = 0x400001d8
                0x400001dc                        spi_flash_guard_set = 0x400001dc
                0x400001e0                        spi_flash_guard_get = 0x400001e0
                0x400001e4                        spi_flash_read_encrypted = 0x400001e4
                0x4084fff0                        rom_spiflash_legacy_funcs = 0x4084fff0
                0x4084ffec                        rom_spiflash_legacy_data = 0x4084ffec
                0x4084fff4                        g_flash_guard_ops = 0x4084fff4
                0x400005f4                        Cache_Get_ICache_Line_Size = 0x400005f4
                0x400005f8                        Cache_Get_Mode = 0x400005f8
                0x400005fc                        Cache_Address_Through_Cache = 0x400005fc
                0x40000600                        ROM_Boot_Cache_Init = 0x40000600
                0x40000604                        MMU_Set_Page_Mode = 0x40000604
                0x40000608                        MMU_Get_Page_Mode = 0x40000608
                0x4000060c                        Cache_Invalidate_ICache_Items = 0x4000060c
                0x40000610                        Cache_Op_Addr = 0x40000610
                0x40000614                        Cache_Invalidate_Addr = 0x40000614
                0x40000618                        Cache_Invalidate_ICache_All = 0x40000618
                0x4000061c                        Cache_Mask_All = 0x4000061c
                0x40000620                        Cache_UnMask_Dram0 = 0x40000620
                0x40000624                        Cache_Suspend_ICache_Autoload = 0x40000624
                0x40000628                        Cache_Resume_ICache_Autoload = 0x40000628
                0x4000062c                        Cache_Start_ICache_Preload = 0x4000062c
                0x40000630                        Cache_ICache_Preload_Done = 0x40000630
                0x40000634                        Cache_End_ICache_Preload = 0x40000634
                0x40000638                        Cache_Config_ICache_Autoload = 0x40000638
                0x4000063c                        Cache_Enable_ICache_Autoload = 0x4000063c
                0x40000640                        Cache_Disable_ICache_Autoload = 0x40000640
                0x40000644                        Cache_Enable_ICache_PreLock = 0x40000644
                0x40000648                        Cache_Disable_ICache_PreLock = 0x40000648
                0x4000064c                        Cache_Lock_ICache_Items = 0x4000064c
                0x40000650                        Cache_Unlock_ICache_Items = 0x40000650
                0x40000654                        Cache_Lock_Addr = 0x40000654
                0x40000658                        Cache_Unlock_Addr = 0x40000658
                0x4000065c                        Cache_Disable_ICache = 0x4000065c
                0x40000660                        Cache_Enable_ICache = 0x40000660
                0x40000664                        Cache_Suspend_ICache = 0x40000664
                0x40000668                        Cache_Resume_ICache = 0x40000668
                0x4000066c                        Cache_Freeze_ICache_Enable = 0x4000066c
                0x40000670                        Cache_Freeze_ICache_Disable = 0x40000670
                0x40000674                        Cache_Set_IDROM_MMU_Size = 0x40000674
                0x40000678                        Cache_Get_IROM_MMU_End = 0x40000678
                0x4000067c                        Cache_Get_DROM_MMU_End = 0x4000067c
                0x40000680                        Cache_MMU_Init = 0x40000680
                0x40000684                        Cache_MSPI_MMU_Set = 0x40000684
                0x40000688                        Cache_Travel_Tag_Memory = 0x40000688
                0x4000068c                        Cache_Get_Virtual_Addr = 0x4000068c
                0x40000690                        Cache_MSPI_MMU_Set_Secure = 0x40000690
                0x4084ffcc                        rom_cache_op_cb = 0x4084ffcc
                0x4084ffc8                        rom_cache_internal_table_ptr = 0x4084ffc8
                0x40000694                        ets_clk_get_xtal_freq = 0x40000694
                0x40000698                        ets_clk_get_cpu_freq = 0x40000698
                0x4000069c                        gpio_input_get = 0x4000069c
                0x400006a0                        gpio_matrix_in = 0x400006a0
                0x400006a4                        gpio_matrix_out = 0x400006a4
                0x400006b0                        gpio_output_set = 0x400006b0
                0x400006b4                        gpio_pad_hold = 0x400006b4
                0x400006b8                        gpio_pad_input_disable = 0x400006b8
                0x400006bc                        gpio_pad_input_enable = 0x400006bc
                0x400006c0                        gpio_pad_pulldown = 0x400006c0
                0x400006c4                        gpio_pad_pullup = 0x400006c4
                0x400006c8                        gpio_pad_select_gpio = 0x400006c8
                0x400006cc                        gpio_pad_set_drv = 0x400006cc
                0x400006d0                        gpio_pad_unhold = 0x400006d0
                0x400006d4                        gpio_pin_wakeup_disable = 0x400006d4
                0x400006d8                        gpio_pin_wakeup_enable = 0x400006d8
                0x400006dc                        gpio_bypass_matrix_in = 0x400006dc
                0x400006e0                        esprv_intc_int_set_priority = 0x400006e0
                0x400006e4                        esprv_intc_int_set_threshold = 0x400006e4
                0x400006e8                        esprv_intc_int_enable = 0x400006e8
                0x400006ec                        esprv_intc_int_disable = 0x400006ec
                0x400006f0                        esprv_intc_int_set_type = 0x400006f0
                [!provide]                        PROVIDE (intr_handler_set = 0x400006f4)
                0x400006f8                        intr_matrix_set = 0x400006f8
                0x400006fc                        ets_intr_lock = 0x400006fc
                0x40000700                        ets_intr_unlock = 0x40000700
                0x40000704                        ets_isr_attach = 0x40000704
                0x40000708                        ets_isr_mask = 0x40000708
                0x4000070c                        ets_isr_unmask = 0x4000070c
                0x40000710                        md5_vector = 0x40000710
                0x40000714                        MD5Init = 0x40000714
                0x40000718                        MD5Update = 0x40000718
                0x4000071c                        MD5Final = 0x4000071c
                0x40000720                        crc32_le = 0x40000720
                0x40000724                        crc16_le = 0x40000724
                0x40000728                        crc8_le = 0x40000728
                0x4000072c                        crc32_be = 0x4000072c
                0x40000730                        crc16_be = 0x40000730
                0x40000734                        crc8_be = 0x40000734
                0x40000738                        esp_crc8 = 0x40000738
                0x4000073c                        ets_sha_enable = 0x4000073c
                0x40000740                        ets_sha_disable = 0x40000740
                0x40000744                        ets_sha_get_state = 0x40000744
                0x40000748                        ets_sha_init = 0x40000748
                0x4000074c                        ets_sha_process = 0x4000074c
                0x40000750                        ets_sha_starts = 0x40000750
                0x40000754                        ets_sha_update = 0x40000754
                0x40000758                        ets_sha_finish = 0x40000758
                0x4000075c                        ets_sha_clone = 0x4000075c
                0x40000760                        ets_hmac_enable = 0x40000760
                0x40000764                        ets_hmac_disable = 0x40000764
                0x40000768                        ets_hmac_calculate_message = 0x40000768
                0x4000076c                        ets_hmac_calculate_downstream = 0x4000076c
                0x40000770                        ets_hmac_invalidate_downstream = 0x40000770
                0x40000774                        ets_jtag_enable_temporarily = 0x40000774
                0x40000778                        ets_aes_enable = 0x40000778
                0x4000077c                        ets_aes_disable = 0x4000077c
                0x40000780                        ets_aes_setkey = 0x40000780
                0x40000784                        ets_aes_block = 0x40000784
                0x40000788                        ets_aes_setkey_dec = 0x40000788
                0x4000078c                        ets_aes_setkey_enc = 0x4000078c
                0x40000790                        ets_bigint_enable = 0x40000790
                0x40000794                        ets_bigint_disable = 0x40000794
                0x40000798                        ets_bigint_multiply = 0x40000798
                0x4000079c                        ets_bigint_modmult = 0x4000079c
                0x400007a0                        ets_bigint_modexp = 0x400007a0
                0x400007a4                        ets_bigint_wait_finish = 0x400007a4
                0x400007a8                        ets_bigint_getz = 0x400007a8
                0x400007ac                        ets_ds_enable = 0x400007ac
                0x400007b0                        ets_ds_disable = 0x400007b0
                0x400007b4                        ets_ds_start_sign = 0x400007b4
                0x400007b8                        ets_ds_is_busy = 0x400007b8
                0x400007bc                        ets_ds_finish_sign = 0x400007bc
                0x400007c0                        ets_ds_encrypt_params = 0x400007c0
                0x400007c4                        ets_mgf1_sha256 = 0x400007c4
                0x4001fff8                        crc32_le_table_ptr = 0x4001fff8
                0x4001fff4                        crc16_le_table_ptr = 0x4001fff4
                0x4001fff0                        crc8_le_table_ptr = 0x4001fff0
                0x4001ffec                        crc32_be_table_ptr = 0x4001ffec
                0x4001ffe8                        crc16_be_table_ptr = 0x4001ffe8
                0x4001ffe4                        crc8_be_table_ptr = 0x4001ffe4
                0x400007c8                        ets_efuse_read = 0x400007c8
                0x400007cc                        ets_efuse_program = 0x400007cc
                0x400007d0                        ets_efuse_clear_program_registers = 0x400007d0
                0x400007d4                        ets_efuse_write_key = 0x400007d4
                0x400007d8                        ets_efuse_get_read_register_address = 0x400007d8
                0x400007dc                        ets_efuse_get_key_purpose = 0x400007dc
                0x400007e0                        ets_efuse_key_block_unused = 0x400007e0
                0x400007e4                        ets_efuse_find_unused_key_block = 0x400007e4
                0x400007e8                        ets_efuse_rs_calculate = 0x400007e8
                0x400007ec                        ets_efuse_count_unused_key_blocks = 0x400007ec
                0x400007f0                        ets_efuse_secure_boot_enabled = 0x400007f0
                0x400007f4                        ets_efuse_secure_boot_aggressive_revoke_enabled = 0x400007f4
                0x400007f8                        ets_efuse_cache_encryption_enabled = 0x400007f8
                0x400007fc                        ets_efuse_download_modes_disabled = 0x400007fc
                0x40000800                        ets_efuse_find_purpose = 0x40000800
                0x40000804                        ets_efuse_force_send_resume = 0x40000804
                0x40000808                        ets_efuse_get_flash_delay_us = 0x40000808
                0x4000080c                        ets_efuse_get_mac = 0x4000080c
                0x40000810                        ets_efuse_get_uart_print_control = 0x40000810
                0x40000814                        ets_efuse_direct_boot_mode_disabled = 0x40000814
                0x40000818                        ets_efuse_security_download_modes_enabled = 0x40000818
                0x4000081c                        ets_efuse_jtag_disabled = 0x4000081c
                0x40000820                        ets_efuse_usb_print_is_disabled = 0x40000820
                0x40000824                        ets_efuse_usb_download_mode_disabled = 0x40000824
                0x40000828                        ets_efuse_usb_device_disabled = 0x40000828
                0x4000082c                        ets_efuse_secure_boot_fast_wake_enabled = 0x4000082c
                0x40000830                        ets_emsa_pss_verify = 0x40000830
                0x40000834                        ets_rsa_pss_verify = 0x40000834
                0x40000838                        ets_ecdsa_verify = 0x40000838
                0x4000083c                        ets_secure_boot_verify_bootloader_with_keys = 0x4000083c
                0x40000840                        ets_secure_boot_verify_signature = 0x40000840
                0x40000844                        ets_secure_boot_read_key_digests = 0x40000844
                0x40000848                        ets_secure_boot_revoke_public_key_digest = 0x40000848
                0x400009bc                        usb_serial_device_rx_one_char = 0x400009bc
                0x400009c0                        usb_serial_device_rx_one_char_block = 0x400009c0
                0x400009c4                        usb_serial_device_tx_flush = 0x400009c4
                0x400009c8                        usb_serial_device_tx_one_char = 0x400009c8
                0x40000720                        PROVIDE (esp_rom_crc32_le = crc32_le)
                [!provide]                        PROVIDE (esp_rom_crc16_le = crc16_le)
                [!provide]                        PROVIDE (esp_rom_crc8_le = crc8_le)
                [!provide]                        PROVIDE (esp_rom_crc32_be = crc32_be)
                [!provide]                        PROVIDE (esp_rom_crc16_be = crc16_be)
                [!provide]                        PROVIDE (esp_rom_crc8_be = crc8_be)
                [!provide]                        PROVIDE (esp_rom_gpio_pad_select_gpio = gpio_pad_select_gpio)
                [!provide]                        PROVIDE (esp_rom_gpio_pad_pullup_only = gpio_pad_pullup)
                0x400006cc                        PROVIDE (esp_rom_gpio_pad_set_drv = gpio_pad_set_drv)
                [!provide]                        PROVIDE (esp_rom_gpio_pad_unhold = gpio_pad_unhold)
                [!provide]                        PROVIDE (esp_rom_gpio_connect_in_signal = gpio_matrix_in)
                [!provide]                        PROVIDE (esp_rom_gpio_connect_out_signal = gpio_matrix_out)
                [!provide]                        PROVIDE (esp_rom_efuse_mac_address_crc8 = esp_crc8)
                [!provide]                        PROVIDE (esp_rom_efuse_is_secure_boot_enabled = ets_efuse_secure_boot_enabled)
                [!provide]                        PROVIDE (esp_rom_uart_flush_tx = uart_tx_flush)
                [!provide]                        PROVIDE (esp_rom_uart_tx_one_char = uart_tx_one_char2)
                [!provide]                        PROVIDE (esp_rom_uart_tx_wait_idle = uart_tx_wait_idle)
                [!provide]                        PROVIDE (esp_rom_uart_rx_one_char = uart_rx_one_char)
                [!provide]                        PROVIDE (esp_rom_uart_rx_string = UartRxString)
                [!provide]                        PROVIDE (esp_rom_uart_set_as_console = uart_tx_switch)
                [!provide]                        PROVIDE (esp_rom_uart_putc = ets_write_char_uart)
                0x40000074                        PROVIDE (esp_rom_output_flush_tx = uart_tx_flush)
                [!provide]                        PROVIDE (esp_rom_output_tx_one_char = uart_tx_one_char)
                0x40000078                        PROVIDE (esp_rom_output_tx_wait_idle = uart_tx_wait_idle)
                [!provide]                        PROVIDE (esp_rom_output_rx_one_char = uart_rx_one_char)
                [!provide]                        PROVIDE (esp_rom_output_rx_string = UartRxString)
                [!provide]                        PROVIDE (esp_rom_output_set_as_console = uart_tx_switch)
                [!provide]                        PROVIDE (esp_rom_output_putc = ets_write_char_uart)
                0x40000714                        PROVIDE (esp_rom_md5_init = MD5Init)
                0x40000718                        PROVIDE (esp_rom_md5_update = MD5Update)
                0x4000071c                        PROVIDE (esp_rom_md5_final = MD5Final)
                0x40000090                        PROVIDE (esp_rom_software_reset_system = software_reset)
                [!provide]                        PROVIDE (esp_rom_software_reset_cpu = software_reset_cpu)
                0x40000028                        PROVIDE (esp_rom_printf = ets_printf)
                0x40000034                        PROVIDE (esp_rom_install_uart_printf = ets_install_uart_printf)
                0x40000040                        PROVIDE (esp_rom_delay_us = ets_delay_us)
                0x40000018                        PROVIDE (esp_rom_get_reset_reason = rtc_get_reset_reason)
                [!provide]                        PROVIDE (esp_rom_route_intr_matrix = intr_matrix_set)
                0x40000044                        PROVIDE (esp_rom_get_cpu_ticks_per_us = ets_get_cpu_frequency)
                0x40000048                        PROVIDE (esp_rom_set_cpu_ticks_per_us = ets_update_cpu_frequency)
                [!provide]                        PROVIDE (esp_rom_spiflash_attach = spi_flash_attach)
                [!provide]                        PROVIDE (esp_rom_spiflash_clear_bp = esp_rom_spiflash_unlock)
                [!provide]                        PROVIDE (esp_rom_spiflash_write_enable = SPI_write_enable)
                [!provide]                        PROVIDE (esp_rom_spiflash_erase_area = SPIEraseArea)
                [!provide]                        PROVIDE (esp_rom_spiflash_fix_dummylen = spi_dummy_len_fix)
                [!provide]                        PROVIDE (esp_rom_spiflash_set_drvs = SetSpiDrvs)
                [!provide]                        PROVIDE (esp_rom_spiflash_select_padsfunc = SelectSpiFunction)
                [!provide]                        PROVIDE (esp_rom_spiflash_common_cmd = SPI_Common_Command)
                0x4000084c                        __absvdi2 = 0x4000084c
                0x40000850                        __absvsi2 = 0x40000850
                0x40000854                        __adddf3 = 0x40000854
                0x40000858                        __addsf3 = 0x40000858
                0x4000085c                        __addvdi3 = 0x4000085c
                0x40000860                        __addvsi3 = 0x40000860
                0x40000864                        __ashldi3 = 0x40000864
                0x40000868                        __ashrdi3 = 0x40000868
                0x4000086c                        __bswapdi2 = 0x4000086c
                0x40000870                        __bswapsi2 = 0x40000870
                0x40000874                        __clear_cache = 0x40000874
                0x40000878                        __clrsbdi2 = 0x40000878
                0x4000087c                        __clrsbsi2 = 0x4000087c
                0x40000880                        __clzdi2 = 0x40000880
                0x40000884                        __clzsi2 = 0x40000884
                0x40000888                        __cmpdi2 = 0x40000888
                0x4000088c                        __ctzdi2 = 0x4000088c
                0x40000890                        __ctzsi2 = 0x40000890
                0x40000894                        __divdc3 = 0x40000894
                0x40000898                        __divdf3 = 0x40000898
                0x4000089c                        __divdi3 = 0x4000089c
                0x400008a0                        __divsc3 = 0x400008a0
                0x400008a4                        __divsf3 = 0x400008a4
                0x400008a8                        __divsi3 = 0x400008a8
                0x400008ac                        __eqdf2 = 0x400008ac
                0x400008b0                        __eqsf2 = 0x400008b0
                0x400008b4                        __extendsfdf2 = 0x400008b4
                0x400008b8                        __ffsdi2 = 0x400008b8
                0x400008bc                        __ffssi2 = 0x400008bc
                0x400008c0                        __fixdfdi = 0x400008c0
                0x400008c4                        __fixdfsi = 0x400008c4
                0x400008c8                        __fixsfdi = 0x400008c8
                0x400008cc                        __fixsfsi = 0x400008cc
                0x400008d0                        __fixunsdfsi = 0x400008d0
                0x400008d4                        __fixunssfdi = 0x400008d4
                0x400008d8                        __fixunssfsi = 0x400008d8
                0x400008dc                        __floatdidf = 0x400008dc
                0x400008e0                        __floatdisf = 0x400008e0
                0x400008e4                        __floatsidf = 0x400008e4
                0x400008e8                        __floatsisf = 0x400008e8
                0x400008ec                        __floatundidf = 0x400008ec
                0x400008f0                        __floatundisf = 0x400008f0
                0x400008f4                        __floatunsidf = 0x400008f4
                0x400008f8                        __floatunsisf = 0x400008f8
                0x400008fc                        __gcc_bcmp = 0x400008fc
                0x40000900                        __gedf2 = 0x40000900
                0x40000904                        __gesf2 = 0x40000904
                0x40000908                        __gtdf2 = 0x40000908
                0x4000090c                        __gtsf2 = 0x4000090c
                0x40000910                        __ledf2 = 0x40000910
                0x40000914                        __lesf2 = 0x40000914
                0x40000918                        __lshrdi3 = 0x40000918
                0x4000091c                        __ltdf2 = 0x4000091c
                0x40000920                        __ltsf2 = 0x40000920
                0x40000924                        __moddi3 = 0x40000924
                0x40000928                        __modsi3 = 0x40000928
                0x4000092c                        __muldc3 = 0x4000092c
                0x40000930                        __muldf3 = 0x40000930
                0x40000934                        __muldi3 = 0x40000934
                0x40000938                        __mulsc3 = 0x40000938
                0x4000093c                        __mulsf3 = 0x4000093c
                0x40000940                        __mulsi3 = 0x40000940
                0x40000944                        __mulvdi3 = 0x40000944
                0x40000948                        __mulvsi3 = 0x40000948
                0x4000094c                        __nedf2 = 0x4000094c
                0x40000950                        __negdf2 = 0x40000950
                0x40000954                        __negdi2 = 0x40000954
                0x40000958                        __negsf2 = 0x40000958
                0x4000095c                        __negvdi2 = 0x4000095c
                0x40000960                        __negvsi2 = 0x40000960
                0x40000964                        __nesf2 = 0x40000964
                0x40000968                        __paritysi2 = 0x40000968
                0x4000096c                        __popcountdi2 = 0x4000096c
                0x40000970                        __popcountsi2 = 0x40000970
                0x40000974                        __powidf2 = 0x40000974
                0x40000978                        __powisf2 = 0x40000978
                0x4000097c                        __subdf3 = 0x4000097c
                0x40000980                        __subsf3 = 0x40000980
                0x40000984                        __subvdi3 = 0x40000984
                0x40000988                        __subvsi3 = 0x40000988
                0x4000098c                        __truncdfsf2 = 0x4000098c
                0x40000990                        __ucmpdi2 = 0x40000990
                0x40000994                        __udivdi3 = 0x40000994
                0x40000998                        __udivmoddi4 = 0x40000998
                0x4000099c                        __udivsi3 = 0x4000099c
                0x400009a0                        __udiv_w_sdiv = 0x400009a0
                0x400009a4                        __umoddi3 = 0x400009a4
                0x400009a8                        __umodsi3 = 0x400009a8
                0x400009ac                        __unorddf2 = 0x400009ac
                0x400009b0                        __unordsf2 = 0x400009b0
                0x400009b4                        __extenddftf2 = 0x400009b4
                0x400009b8                        __trunctfdf2 = 0x400009b8
                0x40000394                        wdt_hal_config_stage = 0x40000394
                0x40000398                        wdt_hal_write_protect_disable = 0x40000398
                0x4000039c                        wdt_hal_write_protect_enable = 0x4000039c
                0x400003a0                        wdt_hal_enable = 0x400003a0
                0x400003a4                        wdt_hal_disable = 0x400003a4
                0x400003a8                        wdt_hal_handle_intr = 0x400003a8
                0x400003ac                        wdt_hal_feed = 0x400003ac
                0x400003b0                        wdt_hal_set_flashboot_en = 0x400003b0
                0x400003b4                        wdt_hal_is_enabled = 0x400003b4
                0x400003c0                        systimer_hal_set_tick_rate_ops = 0x400003c0
                0x400003c4                        systimer_hal_get_counter_value = 0x400003c4
                0x400003c8                        systimer_hal_get_time = 0x400003c8
                0x400003cc                        systimer_hal_set_alarm_target = 0x400003cc
                0x400003d0                        systimer_hal_set_alarm_period = 0x400003d0
                0x400003d4                        systimer_hal_get_alarm_value = 0x400003d4
                0x400003d8                        systimer_hal_enable_alarm_int = 0x400003d8
                0x400003dc                        systimer_hal_on_apb_freq_update = 0x400003dc
                0x400003e0                        systimer_hal_counter_value_advance = 0x400003e0
                0x400003e4                        systimer_hal_enable_counter = 0x400003e4
                0x400003e8                        systimer_hal_select_alarm_mode = 0x400003e8
                0x400003ec                        systimer_hal_connect_alarm_counter = 0x400003ec
                0x400003f0                        systimer_hal_counter_can_stall_by_cpu = 0x400003f0
                0x40000010                        _rom_chip_id = 0x40000010
                0x40000014                        _rom_eco_version = 0x40000014
                0x40000494                        esp_rom_newlib_init_common_mutexes = 0x40000494
                0x40000498                        memset = 0x40000498
                0x4000049c                        memcpy = 0x4000049c
                0x400004a0                        memmove = 0x400004a0
                0x400004a4                        memcmp = 0x400004a4
                0x400004a8                        strcpy = 0x400004a8
                0x400004ac                        strncpy = 0x400004ac
                0x400004b0                        strcmp = 0x400004b0
                0x400004b4                        strncmp = 0x400004b4
                0x400004b8                        strlen = 0x400004b8
                0x400004bc                        strstr = 0x400004bc
                0x400004c0                        bzero = 0x400004c0
                0x400004c8                        sbrk = 0x400004c8
                0x400004cc                        isalnum = 0x400004cc
                0x400004d0                        isalpha = 0x400004d0
                0x400004d4                        isascii = 0x400004d4
                0x400004d8                        isblank = 0x400004d8
                0x400004dc                        iscntrl = 0x400004dc
                0x400004e0                        isdigit = 0x400004e0
                0x400004e4                        islower = 0x400004e4
                0x400004e8                        isgraph = 0x400004e8
                0x400004ec                        isprint = 0x400004ec
                0x400004f0                        ispunct = 0x400004f0
                0x400004f4                        isspace = 0x400004f4
                0x400004f8                        isupper = 0x400004f8
                0x400004fc                        toupper = 0x400004fc
                0x40000500                        tolower = 0x40000500
                0x40000504                        toascii = 0x40000504
                0x40000508                        memccpy = 0x40000508
                0x4000050c                        memchr = 0x4000050c
                0x40000510                        memrchr = 0x40000510
                0x40000514                        strcasecmp = 0x40000514
                0x40000518                        strcasestr = 0x40000518
                0x4000051c                        strcat = 0x4000051c
                0x40000524                        strchr = 0x40000524
                0x40000528                        strcspn = 0x40000528
                0x4000052c                        strcoll = 0x4000052c
                0x40000530                        strlcat = 0x40000530
                0x40000534                        strlcpy = 0x40000534
                0x40000538                        strlwr = 0x40000538
                0x4000053c                        strncasecmp = 0x4000053c
                0x40000540                        strncat = 0x40000540
                0x40000548                        strnlen = 0x40000548
                0x4000054c                        strrchr = 0x4000054c
                0x40000550                        strsep = 0x40000550
                0x40000554                        strspn = 0x40000554
                0x40000558                        strtok_r = 0x40000558
                0x4000055c                        strupr = 0x4000055c
                0x40000560                        longjmp = 0x40000560
                0x40000564                        setjmp = 0x40000564
                0x40000568                        abs = 0x40000568
                0x4000056c                        div = 0x4000056c
                0x40000570                        labs = 0x40000570
                0x40000574                        ldiv = 0x40000574
                0x40000578                        qsort = 0x40000578
                0x40000588                        utoa = 0x40000588
                0x4000058c                        itoa = 0x4000058c
                0x4084ffd4                        syscall_table_ptr = 0x4084ffd4
                0x4084ffd0                        _global_impure_ptr = 0x4084ffd0
                0x400004c4                        _isatty_r = 0x400004c4
                0x40000520                        strdup = 0x40000520
                0x40000544                        strndup = 0x40000544
                0x4000057c                        rand_r = 0x4000057c
                0x40000580                        rand = 0x40000580
                0x40000584                        srand = 0x40000584
                0x40000590                        atoi = 0x40000590
                0x40000594                        atol = 0x40000594
                0x40000598                        strtol = 0x40000598
                0x4000059c                        strtoul = 0x4000059c
                0x400005a0                        fflush = 0x400005a0
                0x400005a4                        _fflush_r = 0x400005a4
                0x400005a8                        _fwalk = 0x400005a8
                0x400005ac                        _fwalk_reent = 0x400005ac
                0x400005b0                        __smakebuf_r = 0x400005b0
                0x400005b4                        __swhatbuf_r = 0x400005b4
                0x400005b8                        __swbuf_r = 0x400005b8
                0x400005bc                        __swbuf = 0x400005bc
                0x400005c0                        __swsetup_r = 0x400005c0
                0x60000000                        PROVIDE (UART0 = 0x60000000)
                [!provide]                        PROVIDE (UART1 = 0x60001000)
                0x60002000                        PROVIDE (SPIMEM0 = 0x60002000)
                0x60003000                        PROVIDE (SPIMEM1 = 0x60003000)
                [!provide]                        PROVIDE (I2C0 = 0x60004000)
                [!provide]                        PROVIDE (I2C1 = 0x60005000)
                [!provide]                        PROVIDE (UHCI0 = 0x60006000)
                [!provide]                        PROVIDE (RMT = 0x60007000)
                [!provide]                        PROVIDE (LEDC = 0x60008000)
                0x60009000                        PROVIDE (TIMERG0 = 0x60009000)
                0x6000a000                        PROVIDE (TIMERG1 = 0x6000a000)
                [!provide]                        PROVIDE (SYSTIMER = 0x6000b000)
                [!provide]                        PROVIDE (TWAI = 0x6000c000)
                [!provide]                        PROVIDE (I2S0 = 0x6000d000)
                [!provide]                        PROVIDE (APB_SARADC = 0x6000e000)
                [!provide]                        PROVIDE (USB_SERIAL_JTAG = 0x6000f000)
                [!provide]                        PROVIDE (INTMTX = 0x60010000)
                [!provide]                        PROVIDE (PCNT = 0x60012000)
                [!provide]                        PROVIDE (SOC_ETM = 0x60013000)
                [!provide]                        PROVIDE (MCPWM0 = 0x60014000)
                [!provide]                        PROVIDE (PARL_IO = 0x60015000)
                [!provide]                        PROVIDE (PVT = 0x60019000)
                [!provide]                        PROVIDE (GDMA = 0x60080000)
                [!provide]                        PROVIDE (GPSPI2 = 0x60081000)
                [!provide]                        PROVIDE (AES = 0x60088000)
                [!provide]                        PROVIDE (SHA = 0x60089000)
                [!provide]                        PROVIDE (RSA = 0x6008a000)
                [!provide]                        PROVIDE (ECC = 0x6008b000)
                [!provide]                        PROVIDE (DS = 0x6008c000)
                [!provide]                        PROVIDE (HMAC = 0x6008d000)
                [!provide]                        PROVIDE (ECDSA = 0x6008e000)
                [!provide]                        PROVIDE (IO_MUX = 0x60090000)
                [!provide]                        PROVIDE (GPIO = 0x60091000)
                [!provide]                        PROVIDE (GPIO_EXT = 0x60091e00)
                [!provide]                        PROVIDE (MEM_MONITOR = 0x60092000)
                [!provide]                        PROVIDE (PAU = 0x60093000)
                [!provide]                        PROVIDE (HP_SYSTEM = 0x60095000)
                0x60096000                        PROVIDE (PCR = 0x60096000)
                [!provide]                        PROVIDE (TEE = 0x60098000)
                [!provide]                        PROVIDE (HP_APM = 0x60099000)
                [!provide]                        PROVIDE (LP_APM0 = 0x60099800)
                [!provide]                        PROVIDE (PMU = 0x600b0000)
                0x600b0400                        PROVIDE (LP_CLKRST = 0x600b0400)
                [!provide]                        PROVIDE (LP_TIMER = 0x600b0c00)
                [!provide]                        PROVIDE (LP_AON = 0x600b1000)
                0x600b1c00                        PROVIDE (LP_WDT = 0x600b1c00)
                [!provide]                        PROVIDE (LPPERI = 0x600b2800)
                [!provide]                        PROVIDE (LP_ANA_PERI = 0x600b2c00)
                [!provide]                        PROVIDE (LP_APM = 0x600b3800)
                0x600b4000                        PROVIDE (EFUSE = 0x600b4000)
                [!provide]                        PROVIDE (TRACE = 0x600c0000)
                [!provide]                        PROVIDE (ASSIST_DEBUG = 0x600c2000)
                [!provide]                        PROVIDE (INTPRI = 0x600c5000)
                [!provide]                        PROVIDE (CACHE = 0x600c8000)
                0x40849a78                        bootloader_usable_dram_end = 0x40849a78
                0x00002000                        bootloader_stack_overhead = 0x2000
                0x00005000                        bootloader_dram_seg_len = 0x5000
                0x00007000                        bootloader_iram_loader_seg_len = 0x7000
                0x00002d00                        bootloader_iram_seg_len = 0x2d00
                0x40847a78                        bootloader_dram_seg_end = (bootloader_usable_dram_end - bootloader_stack_overhead)
                0x40842a78                        bootloader_dram_seg_start = (bootloader_dram_seg_end - bootloader_dram_seg_len)
                0x4083ba78                        bootloader_iram_loader_seg_start = (bootloader_dram_seg_start - bootloader_iram_loader_seg_len)
                0x40838d78                        bootloader_iram_seg_start = (bootloader_iram_loader_seg_start - bootloader_iram_seg_len)
                0x00000001                        ASSERT ((bootloader_iram_loader_seg_start == 0x4083ba78), bootloader_iram_loader_seg_start inconsistent with SRAM_DRAM_END)

.iram_loader.text
                0x4083ba78     0x23ca
                0x4083ba80                        . = ALIGN (0x10)
 *fill*         0x4083ba78        0x8 
                0x4083ba80                        _loader_text_start = ABSOLUTE (.)
 *(.stub .gnu.warning .gnu.linkonce.literal.* .gnu.linkonce.t.*.literal .gnu.linkonce.t.*)
 *(.iram1 .iram1.*)
 .iram1.0       0x4083ba80       0x48 esp-idf/esp_system/libesp_system.a(fpga_overrides_rng.c.obj)
                0x4083ba80                bootloader_fill_random
 .iram1.0       0x4083bac8        0x2 esp-idf/bootloader_support/libbootloader_support.a(flash_encrypt.c.obj)
                0x4083bac8                esp_flash_encryption_enabled
 .iram1.5       0x4083baca       0x50 esp-idf/bootloader_support/libbootloader_support.a(bootloader_flash.c.obj)
 .iram1.1       0x4083bb1a      0x1fa esp-idf/bootloader_support/libbootloader_support.a(bootloader_flash.c.obj)
                0x4083bb1a                bootloader_flash_execute_command_common
 .iram1.2       0x4083bd14        0xe esp-idf/bootloader_support/libbootloader_support.a(bootloader_flash.c.obj)
                0x4083bd14                bootloader_execute_flash_command
 .iram1.0       0x4083bd22      0x15a esp-idf/bootloader_support/libbootloader_support.a(bootloader_flash.c.obj)
                0x4083bd22                bootloader_flash_unlock
                0x4083bd22                bootloader_flash_unlock_default
 .iram1.3       0x4083be7c       0x40 esp-idf/bootloader_support/libbootloader_support.a(bootloader_flash.c.obj)
                0x4083be7c                bootloader_flash_read_sfdp
 .iram1.4       0x4083bebc       0x34 esp-idf/bootloader_support/libbootloader_support.a(bootloader_flash.c.obj)
                0x4083bebc                bootloader_read_flash_id
 .iram1.6       0x4083bef0       0xbe esp-idf/bootloader_support/libbootloader_support.a(bootloader_flash.c.obj)
                0x4083bef0                bootloader_flash_xmc_startup
 .iram1.0       0x4083bfae       0x20 esp-idf/bootloader_support/libbootloader_support.a(bootloader_flash_config_esp32h21.c.obj)
                0x4083bfae                bootloader_flash_cs_timing_config
 .iram1.2       0x4083bfce       0x56 esp-idf/bootloader_support/libbootloader_support.a(bootloader_flash_config_esp32h21.c.obj)
                0x4083bfce                bootloader_configure_spi_pins
 .iram1.0       0x4083c024       0x1e esp-idf/hal/libhal.a(efuse_hal.c.obj)
                0x4083c024                efuse_hal_chip_revision
 .iram1.1       0x4083c042       0x20 esp-idf/hal/libhal.a(efuse_hal.c.obj)
                0x4083c042                efuse_hal_blk_version
 .iram1.5       0x4083c062       0x1e esp-idf/hal/libhal.a(efuse_hal.c.obj)
                0x4083c062                efuse_hal_flash_encryption_enabled
 .iram1.0       0x4083c080       0x10 esp-idf/hal/libhal.a(efuse_hal.c.obj)
                0x4083c080                efuse_hal_get_major_chip_version
 .iram1.1       0x4083c090       0x10 esp-idf/hal/libhal.a(efuse_hal.c.obj)
                0x4083c090                efuse_hal_get_minor_chip_version
 *liblog.a:(.literal .text .literal.* .text.*)
 .text.esp_log_early_timestamp
                0x4083c0a0       0x26 esp-idf/log/liblog.a(log_timestamp.c.obj)
                0x4083c0a0                esp_log_timestamp
                0x4083c0a0                esp_log_early_timestamp
 *libgcc.a:(.literal .text .literal.* .text.*)
 *libclang_rt.builtins.a:(.literal .text .literal.* .text.*)
 *libbootloader_support.a:bootloader_clock_loader.*(.literal .text .literal.* .text.*)
 *libbootloader_support.a:bootloader_common_loader.*(.literal .text .literal.* .text.*)
 .text.bootloader_common_ota_select_crc
                0x4083c0c6        0xe esp-idf/bootloader_support/libbootloader_support.a(bootloader_common_loader.c.obj)
                0x4083c0c6                bootloader_common_ota_select_crc
 .text.bootloader_common_ota_select_invalid
                0x4083c0d4       0x16 esp-idf/bootloader_support/libbootloader_support.a(bootloader_common_loader.c.obj)
                0x4083c0d4                bootloader_common_ota_select_invalid
 .text.bootloader_common_ota_select_valid
                0x4083c0ea       0x2a esp-idf/bootloader_support/libbootloader_support.a(bootloader_common_loader.c.obj)
                0x4083c0ea                bootloader_common_ota_select_valid
 .text.bootloader_common_check_efuse_blk_validity
                0x4083c114        0x4 esp-idf/bootloader_support/libbootloader_support.a(bootloader_common_loader.c.obj)
                0x4083c114                bootloader_common_check_efuse_blk_validity
 .text.bootloader_common_check_chip_validity
                0x4083c118       0x52 esp-idf/bootloader_support/libbootloader_support.a(bootloader_common_loader.c.obj)
                0x4083c118                bootloader_common_check_chip_validity
 .text.bootloader_common_select_otadata
                0x4083c16a       0x3e esp-idf/bootloader_support/libbootloader_support.a(bootloader_common_loader.c.obj)
                0x4083c16a                bootloader_common_select_otadata
 .text.bootloader_common_get_active_otadata
                0x4083c1a8       0x2e esp-idf/bootloader_support/libbootloader_support.a(bootloader_common_loader.c.obj)
                0x4083c1a8                bootloader_common_get_active_otadata
 *libbootloader_support.a:bootloader_flash.*(.literal .text .literal.* .text.*)
 .text.spi_to_esp_err
                0x4083c1d6       0x24 esp-idf/bootloader_support/libbootloader_support.a(bootloader_flash.c.obj)
 .text.bootloader_mmap_get_free_pages
                0x4083c1fa        0x6 esp-idf/bootloader_support/libbootloader_support.a(bootloader_flash.c.obj)
                0x4083c1fa                bootloader_mmap_get_free_pages
 .text.bootloader_mmap
                0x4083c200       0xc8 esp-idf/bootloader_support/libbootloader_support.a(bootloader_flash.c.obj)
                0x4083c200                bootloader_mmap
 .text.bootloader_munmap
                0x4083c2c8       0x28 esp-idf/bootloader_support/libbootloader_support.a(bootloader_flash.c.obj)
                0x4083c2c8                bootloader_munmap
 .text.bootloader_flash_read
                0x4083c2f0      0x144 esp-idf/bootloader_support/libbootloader_support.a(bootloader_flash.c.obj)
                0x4083c2f0                bootloader_flash_read
 .text.bootloader_flash_erase_sector
                0x4083c434       0x12 esp-idf/bootloader_support/libbootloader_support.a(bootloader_flash.c.obj)
                0x4083c434                bootloader_flash_erase_sector
 .text.bootloader_flash_write
                0x4083c446       0xd0 esp-idf/bootloader_support/libbootloader_support.a(bootloader_flash.c.obj)
                0x4083c446                bootloader_flash_write
 .text.bootloader_enable_wp
                0x4083c516        0xc esp-idf/bootloader_support/libbootloader_support.a(bootloader_flash.c.obj)
                0x4083c516                bootloader_enable_wp
 .text.bootloader_flash_get_spi_mode
                0x4083c522       0x3e esp-idf/bootloader_support/libbootloader_support.a(bootloader_flash.c.obj)
                0x4083c522                bootloader_flash_get_spi_mode
 *libbootloader_support.a:bootloader_random.*(.literal .text .literal.* .text.*)
 .text.bootloader_random_enable
                0x4083c560       0x2c esp-idf/bootloader_support/libbootloader_support.a(bootloader_random.c.obj)
                0x4083c560                bootloader_random_enable
 .text.bootloader_random_disable
                0x4083c58c       0x2c esp-idf/bootloader_support/libbootloader_support.a(bootloader_random.c.obj)
                0x4083c58c                bootloader_random_disable
 *libbootloader_support.a:bootloader_random*.*(.literal.bootloader_random_disable .text.bootloader_random_disable)
 *libbootloader_support.a:bootloader_efuse.*(.literal .text .literal.* .text.*)
 *libbootloader_support.a:bootloader_utility.*(.literal .text .literal.* .text.*)
 .text.log_invalid_app_partition
                0x4083c5b8       0x7e esp-idf/bootloader_support/libbootloader_support.a(bootloader_utility.c.obj)
 .text.index_to_partition
                0x4083c636       0x46 esp-idf/bootloader_support/libbootloader_support.a(bootloader_utility.c.obj)
 .text.try_load_partition
                0x4083c67c       0x42 esp-idf/bootloader_support/libbootloader_support.a(bootloader_utility.c.obj)
 .text.set_actual_ota_seq
                0x4083c6be       0xa8 esp-idf/bootloader_support/libbootloader_support.a(bootloader_utility.c.obj)
 .text.load_image
                0x4083c766      0x19e esp-idf/bootloader_support/libbootloader_support.a(bootloader_utility.c.obj)
 .text.bootloader_common_read_otadata
                0x4083c904       0xa2 esp-idf/bootloader_support/libbootloader_support.a(bootloader_utility.c.obj)
                0x4083c904                bootloader_common_read_otadata
 .text.bootloader_utility_load_partition_table
                0x4083c9a6      0x27e esp-idf/bootloader_support/libbootloader_support.a(bootloader_utility.c.obj)
                0x4083c9a6                bootloader_utility_load_partition_table
 .text.bootloader_utility_get_selected_boot_partition
                0x4083cc24      0x112 esp-idf/bootloader_support/libbootloader_support.a(bootloader_utility.c.obj)
                0x4083cc24                bootloader_utility_get_selected_boot_partition
 .text.bootloader_reset
                0x4083cd36       0x1c esp-idf/bootloader_support/libbootloader_support.a(bootloader_utility.c.obj)
                0x4083cd36                bootloader_reset
 .text.bootloader_utility_load_boot_image
                0x4083cd52      0x11c esp-idf/bootloader_support/libbootloader_support.a(bootloader_utility.c.obj)
                0x4083cd52                bootloader_utility_load_boot_image
 .text.bootloader_debug_buffer
                0x4083ce6e        0x2 esp-idf/bootloader_support/libbootloader_support.a(bootloader_utility.c.obj)
                0x4083ce6e                bootloader_debug_buffer
 *libbootloader_support.a:bootloader_sha.*(.literal .text .literal.* .text.*)
 .text.bootloader_sha256_start
                0x4083ce70       0x2c esp-idf/bootloader_support/libbootloader_support.a(bootloader_sha.c.obj)
                0x4083ce70                bootloader_sha256_start
 .text.bootloader_sha256_data
                0x4083ce9c       0x34 esp-idf/bootloader_support/libbootloader_support.a(bootloader_sha.c.obj)
                0x4083ce9c                bootloader_sha256_data
 .text.bootloader_sha256_finish
                0x4083ced0       0x46 esp-idf/bootloader_support/libbootloader_support.a(bootloader_sha.c.obj)
                0x4083ced0                bootloader_sha256_finish
 *libbootloader_support.a:bootloader_console_loader.*(.literal .text .literal.* .text.*)
 .text.bootloader_console_deinit
                0x4083cf16        0xa esp-idf/bootloader_support/libbootloader_support.a(bootloader_console_loader.c.obj)
                0x4083cf16                bootloader_console_deinit
 *libbootloader_support.a:bootloader_panic.*(.literal .text .literal.* .text.*)
 .text.__assert_func
                0x4083cf20       0x20 esp-idf/bootloader_support/libbootloader_support.a(bootloader_panic.c.obj)
                0x4083cf20                __assert_func
 .text.unlikely.abort
                0x4083cf40       0x26 esp-idf/bootloader_support/libbootloader_support.a(bootloader_panic.c.obj)
                0x4083cf40                abort
 *libbootloader_support.a:bootloader_soc.*(.literal .text .literal.* .text.*)
 .text.bootloader_ana_super_wdt_reset_config
                0x4083cf66       0x2e esp-idf/bootloader_support/libbootloader_support.a(bootloader_soc.c.obj)
                0x4083cf66                bootloader_ana_super_wdt_reset_config
 .text.bootloader_ana_clock_glitch_reset_config
                0x4083cf94        0x2 esp-idf/bootloader_support/libbootloader_support.a(bootloader_soc.c.obj)
                0x4083cf94                bootloader_ana_clock_glitch_reset_config
 *libbootloader_support.a:esp_image_format.*(.literal .text .literal.* .text.*)
 .text.bootloader_util_regions_overlap
                0x4083cf96       0x4c esp-idf/bootloader_support/libbootloader_support.a(esp_image_format.c.obj)
 .text.process_segments
                0x4083cfe2      0x45c esp-idf/bootloader_support/libbootloader_support.a(esp_image_format.c.obj)
 .text.image_load
                0x4083d43e      0x442 esp-idf/bootloader_support/libbootloader_support.a(esp_image_format.c.obj)
 .text.bootloader_load_image
                0x4083d880        0x8 esp-idf/bootloader_support/libbootloader_support.a(esp_image_format.c.obj)
                0x4083d880                bootloader_load_image
 *libbootloader_support.a:flash_encrypt.*(.literal .text .literal.* .text.*)
 *libbootloader_support.a:flash_encryption_secure_features.*(.literal .text .literal.* .text.*)
 *libbootloader_support.a:flash_partitions.*(.literal .text .literal.* .text.*)
 .text.esp_partition_table_verify
                0x4083d888      0x18a esp-idf/bootloader_support/libbootloader_support.a(flash_partitions.c.obj)
                0x4083d888                esp_partition_table_verify
 *libbootloader_support.a:secure_boot.*(.literal .text .literal.* .text.*)
 *libbootloader_support.a:secure_boot_secure_features.*(.literal .text .literal.* .text.*)
 *libbootloader_support.a:secure_boot_signatures_bootloader.*(.literal .text .literal.* .text.*)
 *libmicro-ecc.a:*.*(.literal .text .literal.* .text.*)
 *libspi_flash.a:*.*(.literal .text .literal.* .text.*)
 *libhal.a:wdt_hal_iram.*(.literal .text .literal.* .text.*)
 *libhal.a:mmu_hal.*(.literal .text .literal.* .text.*)
 .text.mmu_hal_unmap_all
                0x4083da12       0x24 esp-idf/hal/libhal.a(mmu_hal.c.obj)
                0x4083da12                mmu_hal_unmap_all
 .text.mmu_hal_init
                0x4083da36       0x20 esp-idf/hal/libhal.a(mmu_hal.c.obj)
                0x4083da36                mmu_hal_init
 .text.mmu_hal_pages_to_bytes
                0x4083da56       0x30 esp-idf/hal/libhal.a(mmu_hal.c.obj)
                0x4083da56                mmu_hal_pages_to_bytes
 .text.mmu_hal_check_valid_ext_vaddr_region
                0x4083da86       0x20 esp-idf/hal/libhal.a(mmu_hal.c.obj)
                0x4083da86                mmu_hal_check_valid_ext_vaddr_region
 .text.mmu_hal_map_region
                0x4083daa6      0x180 esp-idf/hal/libhal.a(mmu_hal.c.obj)
                0x4083daa6                mmu_hal_map_region
 *libhal.a:cache_hal.*(.literal .text .literal.* .text.*)
 .text.s_cache_hal_init_ctx
                0x4083dc26       0x32 esp-idf/hal/libhal.a(cache_hal.c.obj)
                0x4083dc26                s_cache_hal_init_ctx
 .text.cache_hal_init
                0x4083dc58       0x48 esp-idf/hal/libhal.a(cache_hal.c.obj)
                0x4083dc58                cache_hal_init
 .text.s_update_cache_state
                0x4083dca0       0x34 esp-idf/hal/libhal.a(cache_hal.c.obj)
                0x4083dca0                s_update_cache_state
 .text.cache_hal_disable
                0x4083dcd4       0x2a esp-idf/hal/libhal.a(cache_hal.c.obj)
                0x4083dcd4                cache_hal_disable
 .text.cache_hal_enable
                0x4083dcfe       0x2e esp-idf/hal/libhal.a(cache_hal.c.obj)
                0x4083dcfe                cache_hal_enable
 *libhal.a:efuse_hal.*(.literal .text .literal.* .text.*)
 *libesp_hw_support.a:rtc_clk.*(.literal .text .literal.* .text.*)
 .text.rtc_clk_slow_src_get
                0x4083dd2c       0x1e esp-idf/esp_hw_support/libesp_hw_support.a(rtc_clk.c.obj)
                0x4083dd2c                rtc_clk_slow_src_get
 .text.rtc_clk_slow_freq_get_hz
                0x4083dd4a       0x20 esp-idf/esp_hw_support/libesp_hw_support.a(rtc_clk.c.obj)
                0x4083dd4a                rtc_clk_slow_freq_get_hz
 .text.rtc_clk_xtal_freq_get
                0x4083dd6a       0x54 esp-idf/esp_hw_support/libesp_hw_support.a(rtc_clk.c.obj)
                0x4083dd6a                rtc_clk_xtal_freq_get
 .text.rtc_clk_apb_freq_get
                0x4083ddbe       0x84 esp-idf/esp_hw_support/libesp_hw_support.a(rtc_clk.c.obj)
                0x4083ddbe                rtc_clk_apb_freq_get
 *libesp_hw_support.a:rtc_time.*(.literal .text .literal.* .text.*)
 *libesp_hw_support.a:regi2c_ctrl.*(.literal .text .literal.* .text.*)
 *libefuse.a:*.*(.literal .text .literal.* .text.*)
 *(.fini.literal)
 *(.fini)
 *(.gnu.version)
                0x4083de42                        _loader_text_end = ABSOLUTE (.)

.iram.text      0x40838d78        0x8
                0x40838d80                        . = ALIGN (0x10)
 *fill*         0x40838d78        0x8 
 *(.entry.text)
 *(.init.literal)
 *(.init)

.dram0.bss      0x40842a78      0x110
                0x40842a78                        . = ALIGN (0x8)
                0x40842a78                        _dram_start = ABSOLUTE (.)
                0x40842a78                        _bss_start = ABSOLUTE (.)
 *(.dynsbss)
 *(.sbss)
 *(.sbss.*)
 .sbss.ota_has_initial_contents
                0x40842a78        0x1 esp-idf/bootloader_support/libbootloader_support.a(bootloader_utility.c.obj)
 *fill*         0x40842a79        0x3 
 .sbss.s_bootloader_partition_offset
                0x40842a7c        0x4 esp-idf/bootloader_support/libbootloader_support.a(esp_image_format.c.obj)
 .sbss.ram_obfs_value
                0x40842a80        0x8 esp-idf/bootloader_support/libbootloader_support.a(esp_image_format.c.obj)
 .sbss.mapped   0x40842a88        0x1 esp-idf/bootloader_support/libbootloader_support.a(bootloader_flash.c.obj)
 *fill*         0x40842a89        0x3 
 .sbss.ctx      0x40842a8c        0x8 esp-idf/hal/libhal.a(cache_hal.c.obj)
 *(.gnu.linkonce.sb.*)
 *(.scommon)
 *(.sbss2)
 *(.sbss2.*)
 *(.gnu.linkonce.sb2.*)
 *(.dynbss)
 *(.bss)
 *(.bss.*)
 .bss.ctx       0x40842a94       0xd8 esp-idf/bootloader_support/libbootloader_support.a(bootloader_sha.c.obj)
 .bss.bootloader_image_hdr
                0x40842b6c       0x18 esp-idf/bootloader_support/libbootloader_support.a(bootloader_init.c.obj)
                0x40842b6c                bootloader_image_hdr
 *(.gnu.linkonce.b.*)
 *(COMMON)
                0x40842b88                        . = ALIGN (0x8)
 *fill*         0x40842b84        0x4 
                0x40842b88                        _bss_end = ABSOLUTE (.)

.dram0.bootdesc
                0x40842b90       0x50
                0x40842b90                        _data_start = ABSOLUTE (.)
 *(.data_bootloader_desc .data_bootloader_desc.*)
 .data_bootloader_desc
                0x40842b90       0x50 esp-idf/esp_bootloader_format/libesp_bootloader_format.a(esp_bootloader_desc.c.obj)
                0x40842b90                esp_bootloader_desc

.dram0.data     0x40842be0        0x4
 *(.dram1 .dram1.*)
 *(.data)
 *(.data.*)
 *(.gnu.linkonce.d.*)
 *(.data1)
 *(.sdata)
 *(.sdata.*)
 .sdata.current_read_mapping
                0x40842be0        0x4 esp-idf/bootloader_support/libbootloader_support.a(bootloader_flash.c.obj)
 *(.gnu.linkonce.s.*)
 *(.gnu.linkonce.s2.*)
 *(.jcr)
                0x40842be4                        _data_end = ABSOLUTE (.)

.dram0.rodata   0x40842be4     0x1554
                0x40842be4                        _rodata_start = ABSOLUTE (.)
 *(.rodata)
 *(.rodata.*)
 .rodata.__assert_func.str1.4
                0x40842be4     0x1423 esp-idf/bootloader_support/libbootloader_support.a(bootloader_panic.c.obj)
                                 0x22 (size before relaxing)
 .rodata.abort.str1.4
                0x40844007       0x22 esp-idf/bootloader_support/libbootloader_support.a(bootloader_panic.c.obj)
 .rodata.s_warn.str1.4
                0x40844007       0x67 esp-idf/esp_system/libesp_system.a(fpga_overrides_clk.c.obj)
 .rodata.str1.4
                0x40844007       0x5b esp-idf/esp_system/libesp_system.a(fpga_overrides_rng.c.obj)
 .rodata.call_start_cpu0.str1.4
                0x40844007       0x31 esp-idf/main/libmain.a(bootloader_start.c.obj)
 .rodata.log_invalid_app_partition.str1.4
                0x40844007       0x99 esp-idf/bootloader_support/libbootloader_support.a(bootloader_utility.c.obj)
 .rodata.try_load_partition.str1.4
                0x40844007       0x37 esp-idf/bootloader_support/libbootloader_support.a(bootloader_utility.c.obj)
 .rodata.set_actual_ota_seq.str1.4
                0x40844007       0x6e esp-idf/bootloader_support/libbootloader_support.a(bootloader_utility.c.obj)
 .rodata.load_image.str1.4
                0x40844007       0x93 esp-idf/bootloader_support/libbootloader_support.a(bootloader_utility.c.obj)
 .rodata.bootloader_common_read_otadata.str1.4
                0x40844007       0x7e esp-idf/bootloader_support/libbootloader_support.a(bootloader_utility.c.obj)
 .rodata.bootloader_utility_load_partition_table.str1.4
                0x40844007      0x1fc esp-idf/bootloader_support/libbootloader_support.a(bootloader_utility.c.obj)
 .rodata.bootloader_utility_get_selected_boot_partition.str1.4
                0x40844007       0xec esp-idf/bootloader_support/libbootloader_support.a(bootloader_utility.c.obj)
 .rodata.bootloader_utility_load_boot_image.str1.4
                0x40844007       0xc3 esp-idf/bootloader_support/libbootloader_support.a(bootloader_utility.c.obj)
 *fill*         0x40844007        0x1 
 .rodata.__func__.0
                0x40844008       0x10 esp-idf/bootloader_support/libbootloader_support.a(bootloader_utility.c.obj)
 .rodata.esp_partition_table_verify.str1.4
                0x40844018      0x131 esp-idf/bootloader_support/libbootloader_support.a(flash_partitions.c.obj)
 .rodata.bootloader_util_regions_overlap.str1.4
                0x40844018       0x5e esp-idf/bootloader_support/libbootloader_support.a(esp_image_format.c.obj)
 .rodata.process_segments.str1.4
                0x40844018      0x276 esp-idf/bootloader_support/libbootloader_support.a(esp_image_format.c.obj)
 .rodata.image_load.str1.4
                0x40844018      0x1dd esp-idf/bootloader_support/libbootloader_support.a(esp_image_format.c.obj)
 .rodata.__func__.0
                0x40844018       0x20 esp-idf/bootloader_support/libbootloader_support.a(esp_image_format.c.obj)
 .rodata.__func__.1
                0x40844038       0x16 esp-idf/bootloader_support/libbootloader_support.a(esp_image_format.c.obj)
 .rodata.bootloader_sha256_data.str1.4
                0x4084404e       0x52 esp-idf/bootloader_support/libbootloader_support.a(bootloader_sha.c.obj)
 *fill*         0x4084404e        0x2 
 .rodata.__func__.0
                0x40844050       0x19 esp-idf/bootloader_support/libbootloader_support.a(bootloader_sha.c.obj)
 *fill*         0x40844069        0x3 
 .rodata.__func__.1
                0x4084406c       0x17 esp-idf/bootloader_support/libbootloader_support.a(bootloader_sha.c.obj)
 .rodata.bootloader_ana_super_wdt_reset_config.str1.4
                0x40844083       0x4a esp-idf/bootloader_support/libbootloader_support.a(bootloader_soc.c.obj)
 *fill*         0x40844083        0x1 
 .rodata.__func__.0
                0x40844084       0x26 esp-idf/bootloader_support/libbootloader_support.a(bootloader_soc.c.obj)
 .rodata.bootloader_init.str1.4
                0x408440aa       0xf8 esp-idf/bootloader_support/libbootloader_support.a(bootloader_esp32h21.c.obj)
 *fill*         0x408440aa        0x2 
 .rodata.__func__.0
                0x408440ac       0x10 esp-idf/bootloader_support/libbootloader_support.a(bootloader_esp32h21.c.obj)
 .rodata.bootloader_common_check_chip_validity.str1.4
                0x408440bc       0x41 esp-idf/bootloader_support/libbootloader_support.a(bootloader_common_loader.c.obj)
 .rodata.bootloader_random_enable.str1.4
                0x408440bc       0x49 esp-idf/bootloader_support/libbootloader_support.a(bootloader_random.c.obj)
 .rodata.__func__.0
                0x408440bc       0x1a esp-idf/bootloader_support/libbootloader_support.a(bootloader_random.c.obj)
 *fill*         0x408440d6        0x2 
 .rodata.__func__.1
                0x408440d8       0x19 esp-idf/bootloader_support/libbootloader_support.a(bootloader_random.c.obj)
 .rodata.bootloader_mmap.str1.4
                0x408440f1       0x8d esp-idf/bootloader_support/libbootloader_support.a(bootloader_flash.c.obj)
 .rodata.bootloader_flash_read.str1.4
                0x408440f1       0xc4 esp-idf/bootloader_support/libbootloader_support.a(bootloader_flash.c.obj)
 .rodata.str1.4
                0x408440f1       0xc8 esp-idf/bootloader_support/libbootloader_support.a(bootloader_flash.c.obj)
 .rodata.bootloader_flash_write.str1.4
                0x408440f1       0xcc esp-idf/bootloader_support/libbootloader_support.a(bootloader_flash.c.obj)
 *fill*         0x408440f1        0x3 
 .rodata.__func__.1
                0x408440f4       0x1b esp-idf/bootloader_support/libbootloader_support.a(bootloader_flash.c.obj)
 *fill*         0x4084410f        0x1 
 .rodata.__func__.0
                0x40844110       0x28 esp-idf/bootloader_support/libbootloader_support.a(bootloader_flash.c.obj)
 .rodata.bootloader_init_spi_flash.str1.4
                0x40844138       0xe1 esp-idf/bootloader_support/libbootloader_support.a(bootloader_flash_config_esp32h21.c.obj)
 .rodata.bootloader_read_bootloader_header.str1.4
                0x40844138       0x3d esp-idf/bootloader_support/libbootloader_support.a(bootloader_init.c.obj)
 .rodata.bootloader_check_bootloader_validity.str1.4
                0x40844138       0x4e esp-idf/bootloader_support/libbootloader_support.a(bootloader_init.c.obj)
 .rodata.bootloader_enable_random.str1.4
                0x40844138       0x32 esp-idf/bootloader_support/libbootloader_support.a(bootloader_init.c.obj)
 .rodata.bootloader_print_banner.str1.4
                0x40844138       0x4d esp-idf/bootloader_support/libbootloader_support.a(bootloader_init.c.obj)
 .rodata.rtc_clk_xtal_freq_get.str1.4
                0x40844138       0x43 esp-idf/esp_hw_support/libesp_hw_support.a(rtc_clk.c.obj)
 *(.gnu.linkonce.r.*)
 *(.rodata1)
 *(.sdata2 .sdata2.* .srodata .srodata.*)
                0x40844138                        __XT_EXCEPTION_TABLE_ = ABSOLUTE (.)
 *(.xt_except_table)
 *(.gcc_except_table)
 *(.gnu.linkonce.e.*)
 *(.gnu.version_r)
 *(.eh_frame_hdr)
 *(.eh_frame)
                0x4084421c                        . = ((. + 0x3) & 0xfffffffffffffffc)
                0x40844138                        __init_array_start = ABSOLUTE (.)
 *crtbegin.*(.ctors)
 *(EXCLUDE_FILE(*crtend.*) .ctors)
 *(SORT_BY_NAME(.ctors.*))
 *(.ctors)
                0x40844138                        __init_array_end = ABSOLUTE (.)
 *crtbegin.*(.dtors)
 *(EXCLUDE_FILE(*crtend.*) .dtors)
 *(SORT_BY_NAME(.dtors.*))
 *(.dtors)
                0x40844138                        __XT_EXCEPTION_DESCS_ = ABSOLUTE (.)
 *(.xt_except_desc)
 *(.gnu.linkonce.h.*)
                0x40844138                        __XT_EXCEPTION_DESCS_END__ = ABSOLUTE (.)
 *(.xt_except_desc_end)
 *(.dynamic)
 *(.gnu.version_d)
                0x40844138                        _rodata_end = ABSOLUTE (.)
                0x40844138                        _lit4_start = ABSOLUTE (.)
 *(*.lit4)
 *(.lit4.*)
 *(.gnu.linkonce.lit4.*)
                0x40844138                        _lit4_end = ABSOLUTE (.)
                0x4084421c                        . = ALIGN (0x4)
                0x40844138                        _dram_end = ABSOLUTE (.)

.iram.text      0x40838d80      0x942
                0x40838d80                        _stext = .
                0x40838d80                        _text_start = ABSOLUTE (.)
 *(.literal .text .literal.* .text.* .stub .gnu.warning .gnu.linkonce.literal.* .gnu.linkonce.t.*.literal .gnu.linkonce.t.*)
 .text.esp_bootloader_get_description
                0x40838d80        0xa esp-idf/esp_bootloader_format/libesp_bootloader_format.a(esp_bootloader_desc.c.obj)
                0x40838d80                esp_bootloader_get_description
 .text.s_warn   0x40838d8a       0x26 esp-idf/esp_system/libesp_system.a(fpga_overrides_clk.c.obj)
 .text.bootloader_clock_configure
                0x40838db0       0x3a esp-idf/esp_system/libesp_system.a(fpga_overrides_clk.c.obj)
                0x40838db0                bootloader_clock_configure
 .text.esp_common_include_fpga_overrides_clk
                0x40838dea        0x2 esp-idf/esp_system/libesp_system.a(fpga_overrides_clk.c.obj)
                0x40838dea                esp_common_include_fpga_overrides_clk
 .text.esp_common_include_fpga_overrides_rng
                0x40838dec        0x2 esp-idf/esp_system/libesp_system.a(fpga_overrides_rng.c.obj)
                0x40838dec                esp_common_include_fpga_overrides_rng
 .text.call_start_cpu0
                0x40838dee       0x82 esp-idf/main/libmain.a(bootloader_start.c.obj)
                0x40838dee                call_start_cpu0
 .text.bootloader_init
                0x40838e70      0x164 esp-idf/bootloader_support/libbootloader_support.a(bootloader_esp32h21.c.obj)
                0x40838e70                bootloader_init
 .text.bootloader_init_mem
                0x40838fd4        0x2 esp-idf/bootloader_support/libbootloader_support.a(bootloader_mem.c.obj)
                0x40838fd4                bootloader_init_mem
 .text.bootloader_flash_update_id
                0x40838fd6       0x1c esp-idf/bootloader_support/libbootloader_support.a(bootloader_flash_config_esp32h21.c.obj)
                0x40838fd6                bootloader_flash_update_id
 .text.bootloader_init_spi_flash
                0x40838ff2      0x200 esp-idf/bootloader_support/libbootloader_support.a(bootloader_flash_config_esp32h21.c.obj)
                0x40838ff2                bootloader_init_spi_flash
 .text.bootloader_clear_bss_section
                0x408391f2       0x22 esp-idf/bootloader_support/libbootloader_support.a(bootloader_init.c.obj)
                0x408391f2                bootloader_clear_bss_section
 .text.bootloader_read_bootloader_header
                0x40839214       0x3e esp-idf/bootloader_support/libbootloader_support.a(bootloader_init.c.obj)
                0x40839214                bootloader_read_bootloader_header
 .text.bootloader_check_bootloader_validity
                0x40839252       0x84 esp-idf/bootloader_support/libbootloader_support.a(bootloader_init.c.obj)
                0x40839252                bootloader_check_bootloader_validity
 .text.bootloader_config_wdt
                0x408392d6       0xaa esp-idf/bootloader_support/libbootloader_support.a(bootloader_init.c.obj)
                0x408392d6                bootloader_config_wdt
 .text.bootloader_enable_random
                0x40839380       0x2a esp-idf/bootloader_support/libbootloader_support.a(bootloader_init.c.obj)
                0x40839380                bootloader_enable_random
 .text.bootloader_print_banner
                0x408393aa       0x54 esp-idf/bootloader_support/libbootloader_support.a(bootloader_init.c.obj)
                0x408393aa                bootloader_print_banner
 .text.bootloader_console_init
                0x408393fe       0xd4 esp-idf/bootloader_support/libbootloader_support.a(bootloader_console.c.obj)
                0x408393fe                bootloader_console_init
 .text.esp_cpu_configure_region_protection
                0x408394d2        0x2 esp-idf/esp_hw_support/libesp_hw_support.a(cpu_region_protect.c.obj)
                0x408394d2                esp_cpu_configure_region_protection
 .text.wdt_hal_init
                0x408394d4      0x1de esp-idf/esp_rom/libesp_rom.a(esp_rom_wdt.c.obj)
                0x408394d4                wdt_hal_init
 *(.iram .iram.*)
 *(.fini.literal)
 *(.fini)
 *(.gnu.version)
                0x408396c2                        . = (. + 0x10)
 *fill*         0x408396b2       0x10 
                0x408396c2                        _text_end = ABSOLUTE (.)
                0x408396c2                        _etext = .

.riscv.attributes
                0x00000000       0x60
 *(.riscv.attributes)
 .riscv.attributes
                0x00000000       0x5c esp-idf/esp_bootloader_format/libesp_bootloader_format.a(esp_bootloader_desc.c.obj)
 .riscv.attributes
                0x0000005c       0x5c esp-idf/bootloader_support/libbootloader_support.a(bootloader_panic.c.obj)
 .riscv.attributes
                0x000000b8       0x5c esp-idf/esp_system/libesp_system.a(fpga_overrides_clk.c.obj)
 .riscv.attributes
                0x00000114       0x5c esp-idf/esp_system/libesp_system.a(fpga_overrides_rng.c.obj)
 .riscv.attributes
                0x00000170       0x60 esp-idf/log/liblog.a(log_timestamp.c.obj)
 .riscv.attributes
                0x000001d0       0x5c esp-idf/main/libmain.a(bootloader_start.c.obj)
 .riscv.attributes
                0x0000022c       0x5c esp-idf/bootloader_support/libbootloader_support.a(bootloader_utility.c.obj)
 .riscv.attributes
                0x00000288       0x5c esp-idf/bootloader_support/libbootloader_support.a(flash_partitions.c.obj)
 .riscv.attributes
                0x000002e4       0x5c esp-idf/bootloader_support/libbootloader_support.a(esp_image_format.c.obj)
 .riscv.attributes
                0x00000340       0x5c esp-idf/bootloader_support/libbootloader_support.a(bootloader_console_loader.c.obj)
 .riscv.attributes
                0x0000039c       0x5c esp-idf/bootloader_support/libbootloader_support.a(bootloader_sha.c.obj)
 .riscv.attributes
                0x000003f8       0x5c esp-idf/bootloader_support/libbootloader_support.a(bootloader_soc.c.obj)
 .riscv.attributes
                0x00000454       0x5c esp-idf/bootloader_support/libbootloader_support.a(bootloader_esp32h21.c.obj)
 .riscv.attributes
                0x000004b0       0x5c esp-idf/bootloader_support/libbootloader_support.a(bootloader_common_loader.c.obj)
 .riscv.attributes
                0x0000050c       0x5c esp-idf/bootloader_support/libbootloader_support.a(bootloader_mem.c.obj)
 .riscv.attributes
                0x00000568       0x60 esp-idf/bootloader_support/libbootloader_support.a(bootloader_random.c.obj)
 .riscv.attributes
                0x000005c8       0x5c esp-idf/bootloader_support/libbootloader_support.a(flash_encrypt.c.obj)
 .riscv.attributes
                0x00000624       0x5c esp-idf/bootloader_support/libbootloader_support.a(bootloader_flash.c.obj)
 .riscv.attributes
                0x00000680       0x5c esp-idf/bootloader_support/libbootloader_support.a(bootloader_flash_config_esp32h21.c.obj)
 .riscv.attributes
                0x000006dc       0x5c esp-idf/bootloader_support/libbootloader_support.a(bootloader_init.c.obj)
 .riscv.attributes
                0x00000738       0x5c esp-idf/bootloader_support/libbootloader_support.a(bootloader_console.c.obj)
 .riscv.attributes
                0x00000794       0x5c esp-idf/esp_hw_support/libesp_hw_support.a(cpu_region_protect.c.obj)
 .riscv.attributes
                0x000007f0       0x5c esp-idf/esp_hw_support/libesp_hw_support.a(rtc_clk.c.obj)
 .riscv.attributes
                0x0000084c       0x5c esp-idf/esp_rom/libesp_rom.a(esp_rom_wdt.c.obj)
 .riscv.attributes
                0x000008a8       0x5c esp-idf/hal/libhal.a(efuse_hal.c.obj)
 .riscv.attributes
                0x00000904       0x5c esp-idf/hal/libhal.a(efuse_hal.c.obj)
 .riscv.attributes
                0x00000960       0x5c esp-idf/hal/libhal.a(mmu_hal.c.obj)
 .riscv.attributes
                0x000009bc       0x5c esp-idf/hal/libhal.a(cache_hal.c.obj)

.debug
 *(.debug)

.line
 *(.line)

.debug_srcinfo
 *(.debug_srcinfo)

.debug_sfnames
 *(.debug_sfnames)

.debug_aranges  0x00000000      0x830
 *(.debug_aranges)
 .debug_aranges
                0x00000000       0x20 esp-idf/esp_bootloader_format/libesp_bootloader_format.a(esp_bootloader_desc.c.obj)
 .debug_aranges
                0x00000020       0x28 esp-idf/bootloader_support/libbootloader_support.a(bootloader_panic.c.obj)
 .debug_aranges
                0x00000048       0x48 esp-idf/esp_system/libesp_system.a(fpga_overrides_clk.c.obj)
 .debug_aranges
                0x00000090       0x28 esp-idf/esp_system/libesp_system.a(fpga_overrides_rng.c.obj)
 .debug_aranges
                0x000000b8       0x20 esp-idf/log/liblog.a(log_timestamp.c.obj)
 .debug_aranges
                0x000000d8       0x28 esp-idf/main/libmain.a(bootloader_start.c.obj)
 .debug_aranges
                0x00000100       0x90 esp-idf/bootloader_support/libbootloader_support.a(bootloader_utility.c.obj)
 .debug_aranges
                0x00000190       0x20 esp-idf/bootloader_support/libbootloader_support.a(flash_partitions.c.obj)
 .debug_aranges
                0x000001b0       0x78 esp-idf/bootloader_support/libbootloader_support.a(esp_image_format.c.obj)
 .debug_aranges
                0x00000228       0x20 esp-idf/bootloader_support/libbootloader_support.a(bootloader_console_loader.c.obj)
 .debug_aranges
                0x00000248       0x30 esp-idf/bootloader_support/libbootloader_support.a(bootloader_sha.c.obj)
 .debug_aranges
                0x00000278       0x30 esp-idf/bootloader_support/libbootloader_support.a(bootloader_soc.c.obj)
 .debug_aranges
                0x000002a8       0x20 esp-idf/bootloader_support/libbootloader_support.a(bootloader_esp32h21.c.obj)
 .debug_aranges
                0x000002c8       0x50 esp-idf/bootloader_support/libbootloader_support.a(bootloader_common_loader.c.obj)
 .debug_aranges
                0x00000318       0x20 esp-idf/bootloader_support/libbootloader_support.a(bootloader_mem.c.obj)
 .debug_aranges
                0x00000338       0x30 esp-idf/bootloader_support/libbootloader_support.a(bootloader_random.c.obj)
 .debug_aranges
                0x00000368       0x40 esp-idf/bootloader_support/libbootloader_support.a(flash_encrypt.c.obj)
 .debug_aranges
                0x000003a8       0xb8 esp-idf/bootloader_support/libbootloader_support.a(bootloader_flash.c.obj)
 .debug_aranges
                0x00000460       0x48 esp-idf/bootloader_support/libbootloader_support.a(bootloader_flash_config_esp32h21.c.obj)
 .debug_aranges
                0x000004a8       0x48 esp-idf/bootloader_support/libbootloader_support.a(bootloader_init.c.obj)
 .debug_aranges
                0x000004f0       0x20 esp-idf/bootloader_support/libbootloader_support.a(bootloader_console.c.obj)
 .debug_aranges
                0x00000510       0x20 esp-idf/esp_hw_support/libesp_hw_support.a(cpu_region_protect.c.obj)
 .debug_aranges
                0x00000530      0x140 esp-idf/esp_hw_support/libesp_hw_support.a(rtc_clk.c.obj)
 .debug_aranges
                0x00000670       0x28 esp-idf/esp_rom/libesp_rom.a(esp_rom_wdt.c.obj)
 .debug_aranges
                0x00000698       0x58 esp-idf/hal/libhal.a(efuse_hal.c.obj)
 .debug_aranges
                0x000006f0       0x58 esp-idf/hal/libhal.a(efuse_hal.c.obj)
 .debug_aranges
                0x00000748       0x60 esp-idf/hal/libhal.a(mmu_hal.c.obj)
 .debug_aranges
                0x000007a8       0x88 esp-idf/hal/libhal.a(cache_hal.c.obj)

.debug_pubnames
 *(.debug_pubnames)

.debug_info     0x00000000    0x32ca9
 *(.debug_info .gnu.linkonce.wi.*)
 .debug_info    0x00000000      0x18e esp-idf/esp_bootloader_format/libesp_bootloader_format.a(esp_bootloader_desc.c.obj)
 .debug_info    0x0000018e      0x217 esp-idf/bootloader_support/libbootloader_support.a(bootloader_panic.c.obj)
 .debug_info    0x000003a5      0x691 esp-idf/esp_system/libesp_system.a(fpga_overrides_clk.c.obj)
 .debug_info    0x00000a36      0x27b esp-idf/esp_system/libesp_system.a(fpga_overrides_rng.c.obj)
 .debug_info    0x00000cb1      0x13e esp-idf/log/liblog.a(log_timestamp.c.obj)
 .debug_info    0x00000def      0xd49 esp-idf/main/libmain.a(bootloader_start.c.obj)
 .debug_info    0x00001b38     0x2082 esp-idf/bootloader_support/libbootloader_support.a(bootloader_utility.c.obj)
 .debug_info    0x00003bba      0x668 esp-idf/bootloader_support/libbootloader_support.a(flash_partitions.c.obj)
 .debug_info    0x00004222     0x2774 esp-idf/bootloader_support/libbootloader_support.a(esp_image_format.c.obj)
 .debug_info    0x00006996       0xc6 esp-idf/bootloader_support/libbootloader_support.a(bootloader_console_loader.c.obj)
 .debug_info    0x00006a5c      0x44e esp-idf/bootloader_support/libbootloader_support.a(bootloader_sha.c.obj)
 .debug_info    0x00006eaa      0x184 esp-idf/bootloader_support/libbootloader_support.a(bootloader_soc.c.obj)
 .debug_info    0x0000702e      0x835 esp-idf/bootloader_support/libbootloader_support.a(bootloader_esp32h21.c.obj)
 .debug_info    0x00007863      0x966 esp-idf/bootloader_support/libbootloader_support.a(bootloader_common_loader.c.obj)
 .debug_info    0x000081c9       0x9f esp-idf/bootloader_support/libbootloader_support.a(bootloader_mem.c.obj)
 .debug_info    0x00008268      0x4b3 esp-idf/bootloader_support/libbootloader_support.a(bootloader_random.c.obj)
 .debug_info    0x0000871b      0xaac esp-idf/bootloader_support/libbootloader_support.a(flash_encrypt.c.obj)
 .debug_info    0x000091c7     0x864f esp-idf/bootloader_support/libbootloader_support.a(bootloader_flash.c.obj)