Archive member included to satisfy reference by file (symbol)

esp-idf/esp_bootloader_format/libesp_bootloader_format.a(esp_bootloader_desc.c.obj)
                              (esp_bootloader_desc)
esp-idf/bootloader_support/libbootloader_support.a(bootloader_panic.c.obj)
                              (__assert_func)
esp-idf/main/libmain.a(bootloader_start.c.obj)
                              (call_start_cpu0)
esp-idf/bootloader_support/libbootloader_support.a(bootloader_utility.c.obj)
                              esp-idf/main/libmain.a(bootloader_start.c.obj) (bootloader_utility_load_partition_table)
esp-idf/bootloader_support/libbootloader_support.a(flash_partitions.c.obj)
                              esp-idf/bootloader_support/libbootloader_support.a(bootloader_utility.c.obj) (esp_partition_table_verify)
esp-idf/bootloader_support/libbootloader_support.a(esp_image_format.c.obj)
                              esp-idf/bootloader_support/libbootloader_support.a(bootloader_utility.c.obj) (bootloader_load_image)
esp-idf/bootloader_support/libbootloader_support.a(bootloader_console_loader.c.obj)
                              esp-idf/bootloader_support/libbootloader_support.a(bootloader_utility.c.obj) (bootloader_console_deinit)
esp-idf/bootloader_support/libbootloader_support.a(bootloader_sha.c.obj)
                              esp-idf/bootloader_support/libbootloader_support.a(bootloader_utility.c.obj) (bootloader_sha256_start)
esp-idf/bootloader_support/libbootloader_support.a(bootloader_soc.c.obj)
                              esp-idf/bootloader_support/libbootloader_support.a(bootloader_utility.c.obj) (bootloader_ana_clock_glitch_reset_config)
esp-idf/bootloader_support/libbootloader_support.a(bootloader_esp32c2.c.obj)
                              esp-idf/main/libmain.a(bootloader_start.c.obj) (bootloader_init)
esp-idf/bootloader_support/libbootloader_support.a(bootloader_common_loader.c.obj)
                              esp-idf/bootloader_support/libbootloader_support.a(bootloader_utility.c.obj) (bootloader_common_ota_select_crc)
esp-idf/bootloader_support/libbootloader_support.a(bootloader_clock_init.c.obj)
                              esp-idf/bootloader_support/libbootloader_support.a(bootloader_esp32c2.c.obj) (bootloader_clock_configure)
esp-idf/bootloader_support/libbootloader_support.a(bootloader_mem.c.obj)
                              esp-idf/bootloader_support/libbootloader_support.a(bootloader_esp32c2.c.obj) (bootloader_init_mem)
esp-idf/bootloader_support/libbootloader_support.a(bootloader_random.c.obj)
                              esp-idf/bootloader_support/libbootloader_support.a(esp_image_format.c.obj) (bootloader_fill_random)
esp-idf/bootloader_support/libbootloader_support.a(flash_encrypt.c.obj)
                              esp-idf/bootloader_support/libbootloader_support.a(bootloader_utility.c.obj) (esp_flash_encryption_enabled)
esp-idf/bootloader_support/libbootloader_support.a(bootloader_random_esp32c2.c.obj)
                              esp-idf/bootloader_support/libbootloader_support.a(bootloader_utility.c.obj) (bootloader_random_disable)
esp-idf/bootloader_support/libbootloader_support.a(bootloader_flash.c.obj)
                              esp-idf/bootloader_support/libbootloader_support.a(bootloader_utility.c.obj) (bootloader_mmap_get_free_pages)
esp-idf/bootloader_support/libbootloader_support.a(bootloader_flash_config_esp32c2.c.obj)
                              esp-idf/bootloader_support/libbootloader_support.a(bootloader_esp32c2.c.obj) (bootloader_flash_update_id)
esp-idf/bootloader_support/libbootloader_support.a(bootloader_init.c.obj)
                              esp-idf/bootloader_support/libbootloader_support.a(bootloader_esp32c2.c.obj) (bootloader_clear_bss_section)
esp-idf/bootloader_support/libbootloader_support.a(bootloader_console.c.obj)
                              esp-idf/bootloader_support/libbootloader_support.a(bootloader_esp32c2.c.obj) (bootloader_console_init)
esp-idf/efuse/libefuse.a(esp_efuse_table.c.obj)
                              esp-idf/bootloader_support/libbootloader_support.a(flash_encrypt.c.obj) (ESP_EFUSE_DIS_DIRECT_BOOT)
esp-idf/efuse/libefuse.a(esp_efuse_fields.c.obj)
                              esp-idf/bootloader_support/libbootloader_support.a(flash_encrypt.c.obj) (esp_efuse_enable_rom_secure_download_mode)
esp-idf/efuse/libefuse.a(esp_efuse_api.c.obj)
                              esp-idf/bootloader_support/libbootloader_support.a(flash_encrypt.c.obj) (esp_efuse_read_field_blob)
esp-idf/efuse/libefuse.a(esp_efuse_utility.c.obj)
                              esp-idf/efuse/libefuse.a(esp_efuse_api.c.obj) (esp_efuse_utility_process)
esp-idf/efuse/libefuse.a(esp_efuse_api_key.c.obj)
                              esp-idf/bootloader_support/libbootloader_support.a(flash_encrypt.c.obj) (esp_efuse_get_key_dis_read)
esp-idf/efuse/libefuse.a(esp_efuse_utility.c.obj)
[...]
Memory Configuration

Name             Origin             Length             Attributes
iram_seg         0x403acb70         0x00002000         xrw
iram_loader_seg  0x403aeb70         0x00007000         xrw
dram_seg         0x3fcd5b70         0x00005000         rw
*default*        0x00000000         0xffffffff

Linker script and memory map

                0x00000000                        IDF_TARGET_ESP32C2 = 0x0
LOAD CMakeFiles/bootloader.elf.dir/project_elf_src_esp32c2.c.obj
LOAD esp-idf/soc/libsoc.a
LOAD esp-idf/micro-ecc/libmicro-ecc.a
LOAD esp-idf/hal/libhal.a
LOAD esp-idf/spi_flash/libspi_flash.a
LOAD esp-idf/esp_bootloader_format/libesp_bootloader_format.a
LOAD esp-idf/bootloader_support/libbootloader_support.a
LOAD esp-idf/efuse/libefuse.a
LOAD esp-idf/esp_system/libesp_system.a
LOAD esp-idf/esp_hw_support/libesp_hw_support.a
LOAD esp-idf/esp_common/libesp_common.a
LOAD esp-idf/esp_rom/libesp_rom.a
LOAD esp-idf/log/liblog.a
LOAD esp-idf/main/libmain.a
LOAD esp-idf/soc/libsoc.a
LOAD esp-idf/micro-ecc/libmicro-ecc.a
LOAD esp-idf/hal/libhal.a
LOAD esp-idf/spi_flash/libspi_flash.a
LOAD esp-idf/esp_bootloader_format/libesp_bootloader_format.a
LOAD esp-idf/bootloader_support/libbootloader_support.a
LOAD esp-idf/efuse/libefuse.a
LOAD esp-idf/esp_system/libesp_system.a
LOAD esp-idf/esp_hw_support/libesp_hw_support.a
LOAD esp-idf/esp_common/libesp_common.a
LOAD esp-idf/esp_rom/libesp_rom.a
LOAD esp-idf/log/liblog.a
LOAD esp-idf/soc/libsoc.a
LOAD esp-idf/micro-ecc/libmicro-ecc.a
LOAD esp-idf/hal/libhal.a
LOAD esp-idf/spi_flash/libspi_flash.a
LOAD esp-idf/esp_bootloader_format/libesp_bootloader_format.a
LOAD esp-idf/bootloader_support/libbootloader_support.a
LOAD esp-idf/efuse/libefuse.a
LOAD esp-idf/esp_system/libesp_system.a
LOAD esp-idf/esp_hw_support/libesp_hw_support.a
LOAD esp-idf/esp_common/libesp_common.a
LOAD esp-idf/esp_rom/libesp_rom.a
LOAD esp-idf/log/liblog.a
LOAD esp-idf/soc/libsoc.a
LOAD esp-idf/micro-ecc/libmicro-ecc.a
LOAD esp-idf/hal/libhal.a
LOAD esp-idf/spi_flash/libspi_flash.a
LOAD esp-idf/esp_bootloader_format/libesp_bootloader_format.a
LOAD esp-idf/bootloader_support/libbootloader_support.a
LOAD esp-idf/efuse/libefuse.a
LOAD esp-idf/esp_system/libesp_system.a
LOAD esp-idf/esp_hw_support/libesp_hw_support.a
LOAD esp-idf/esp_common/libesp_common.a
LOAD esp-idf/esp_rom/libesp_rom.a
LOAD esp-idf/log/liblog.a
LOAD esp-idf/soc/libsoc.a
LOAD esp-idf/micro-ecc/libmicro-ecc.a
LOAD esp-idf/hal/libhal.a
LOAD esp-idf/spi_flash/libspi_flash.a
LOAD esp-idf/esp_bootloader_format/libesp_bootloader_format.a
LOAD esp-idf/bootloader_support/libbootloader_support.a
LOAD esp-idf/efuse/libefuse.a
LOAD esp-idf/esp_system/libesp_system.a
LOAD esp-idf/esp_hw_support/libesp_hw_support.a
LOAD esp-idf/esp_common/libesp_common.a
LOAD esp-idf/esp_rom/libesp_rom.a
LOAD esp-idf/log/liblog.a
LOAD /home/fhrbata/.espressif/tools/riscv32-esp-elf/esp-14.2.0_20240906/riscv32-esp-elf/bin/../lib/gcc/riscv32-esp-elf/14.2.0/rv32imc_zicsr_zifencei/ilp32/no-rtti/libgcc.a
LOAD /home/fhrbata/.espressif/tools/riscv32-esp-elf/esp-14.2.0_20240906/riscv32-esp-elf/bin/../lib/gcc/riscv32-esp-elf/14.2.0/../../../../riscv32-esp-elf/lib/rv32imc_zicsr_zifencei/ilp32/no-rtti/libc.a
LOAD /home/fhrbata/.espressif/tools/riscv32-esp-elf/esp-14.2.0_20240906/riscv32-esp-elf/bin/../lib/gcc/riscv32-esp-elf/14.2.0/../../../../riscv32-esp-elf/lib/rv32imc_zicsr_zifencei/ilp32/no-rtti/libnosys.a
LOAD /home/fhrbata/.espressif/tools/riscv32-esp-elf/esp-14.2.0_20240906/riscv32-esp-elf/bin/../lib/gcc/riscv32-esp-elf/14.2.0/../../../../riscv32-esp-elf/lib/rv32imc_zicsr_zifencei/ilp32/no-rtti/libc.a
LOAD /home/fhrbata/.espressif/tools/riscv32-esp-elf/esp-14.2.0_20240906/riscv32-esp-elf/bin/../lib/gcc/riscv32-esp-elf/14.2.0/rv32imc_zicsr_zifencei/ilp32/no-rtti/libgcc.a
START GROUP
LOAD /home/fhrbata/.espressif/tools/riscv32-esp-elf/esp-14.2.0_20240906/riscv32-esp-elf/bin/../lib/gcc/riscv32-esp-elf/14.2.0/rv32imc_zicsr_zifencei/ilp32/no-rtti/libgcc.a
LOAD /home/fhrbata/.espressif/tools/riscv32-esp-elf/esp-14.2.0_20240906/riscv32-esp-elf/bin/../lib/gcc/riscv32-esp-elf/14.2.0/../../../../riscv32-esp-elf/lib/rv32imc_zicsr_zifencei/ilp32/no-rtti/libc.a
LOAD /home/fhrbata/.espressif/tools/riscv32-esp-elf/esp-14.2.0_20240906/riscv32-esp-elf/bin/../lib/gcc/riscv32-esp-elf/14.2.0/../../../../riscv32-esp-elf/lib/rv32imc_zicsr_zifencei/ilp32/no-rtti/libnosys.a
END GROUP
                [!provide]                        PROVIDE (esprv_int_set_priority = esprv_intc_int_set_priority)
                [!provide]                        PROVIDE (esprv_int_set_threshold = esprv_intc_int_set_threshold)
                [!provide]                        PROVIDE (esprv_int_enable = esprv_intc_int_enable)
                [!provide]                        PROVIDE (esprv_int_disable = esprv_intc_int_disable)
                [!provide]                        PROVIDE (esprv_int_set_type = esprv_intc_int_set_type)
                0x40000018                        rtc_get_reset_reason = 0x40000018
                0x4000001c                        analog_super_wdt_reset_happened = 0x4000001c
                0x40000020                        rtc_get_wakeup_cause = 0x40000020
                0x40000024                        rtc_select_apb_bridge = 0x40000024
                0x40000028                        rtc_unhold_all_pads = 0x40000028
                0x4000002c                        ets_is_print_boot = 0x4000002c
                0x40000030                        ets_vprintf = 0x40000030
                0x40000034                        ets_printf = 0x40000034
                0x40000038                        ets_install_putc1 = 0x40000038
                0x4000003c                        ets_install_uart_printf = 0x4000003c
                0x40000040                        ets_install_putc2 = 0x40000040
                0x40000044                        ets_delay_us = 0x40000044
                0x40000048                        ets_get_stack_info = 0x40000048
                0x4000004c                        ets_install_lock = 0x4000004c
                0x40000050                        UartRxString = 0x40000050
                0x40000054                        UartGetCmdLn = 0x40000054
                0x40000058                        uart_tx_one_char = 0x40000058
                0x4000005c                        uart_tx_one_char2 = 0x4000005c
                0x40000060                        uart_rx_one_char = 0x40000060
                0x40000064                        uart_rx_one_char_block = 0x40000064
                0x40000068                        uart_rx_readbuff = 0x40000068
                0x4000006c                        uartAttach = 0x4000006c
                0x40000070                        uart_tx_flush = 0x40000070
                0x40000074                        uart_tx_wait_idle = 0x40000074
                0x40000078                        uart_div_modify = 0x40000078
                0x4000007c                        ets_write_char_uart = 0x4000007c
                0x40000080                        uart_tx_switch = 0x40000080
                0x40000084                        multofup = 0x40000084
                0x40000088                        software_reset = 0x40000088
                0x4000008c                        software_reset_cpu = 0x4000008c
                0x40000090                        assist_debug_clock_enable = 0x40000090
                0x40000094                        assist_debug_record_enable = 0x40000094
                0x40000098                        clear_super_wdt_reset_flag = 0x40000098
                0x4000009c                        disable_default_watchdog = 0x4000009c
                0x400000a0                        send_packet = 0x400000a0
                0x400000a4                        recv_packet = 0x400000a4
                0x400000a8                        GetUartDevice = 0x400000a8
                0x400000ac                        UartDwnLdProc = 0x400000ac
                0x400000b0                        GetSecurityInfoProc = 0x400000b0
                0x400000b4                        Uart_Init = 0x400000b4
                0x400000b8                        ets_set_user_start = 0x400000b8
                0x3ff4fffc                        ets_rom_layout_p = 0x3ff4fffc
                0x3fcdfffc                        ets_ops_table_ptr = 0x3fcdfffc
                0x400000bc                        mz_adler32 = 0x400000bc
                0x400000c0                        mz_free = 0x400000c0
                0x400000c4                        tdefl_compress = 0x400000c4
                0x400000c8                        tdefl_compress_buffer = 0x400000c8
                0x400000cc                        tdefl_compress_mem_to_heap = 0x400000cc
                0x400000d0                        tdefl_compress_mem_to_mem = 0x400000d0
                0x400000d4                        tdefl_compress_mem_to_output = 0x400000d4
                0x400000d8                        tdefl_get_adler32 = 0x400000d8
                0x400000dc                        tdefl_get_prev_return_status = 0x400000dc
                0x400000e0                        tdefl_init = 0x400000e0
                0x400000e4                        tdefl_write_image_to_png_file_in_memory = 0x400000e4
                0x400000e8                        tdefl_write_image_to_png_file_in_memory_ex = 0x400000e8
                0x400000ec                        tinfl_decompress = 0x400000ec
                0x400000f0                        tinfl_decompress_mem_to_callback = 0x400000f0
                0x400000f4                        tinfl_decompress_mem_to_heap = 0x400000f4
                0x400000f8                        tinfl_decompress_mem_to_mem = 0x400000f8
                0x400000fc                        PROVIDE (esp_rom_spiflash_wait_idle = 0x400000fc)
                0x40000100                        PROVIDE (esp_rom_spiflash_write_encrypted = 0x40000100)
                [!provide]                        PROVIDE (esp_rom_spiflash_write_encrypted_dest = 0x40000104)
                [!provide]                        PROVIDE (esp_rom_spiflash_write_encrypted_enable = 0x40000108)
                [!provide]                        PROVIDE (esp_rom_spiflash_write_encrypted_disable = 0x4000010c)
                [!provide]                        PROVIDE (esp_rom_spiflash_erase_chip = 0x40000110)
                [!provide]                        PROVIDE (_esp_rom_spiflash_erase_sector = 0x40000114)
                [!provide]                        PROVIDE (_esp_rom_spiflash_erase_block = 0x40000118)
                [!provide]                        PROVIDE (_esp_rom_spiflash_write = 0x4000011c)
                [!provide]                        PROVIDE (_esp_rom_spiflash_read = 0x40000120)
                [!provide]                        PROVIDE (_esp_rom_spiflash_unlock = 0x40000124)
                [!provide]                        PROVIDE (_SPIEraseArea = 0x40000128)
                [!provide]                        PROVIDE (_SPI_write_enable = 0x4000012c)
                0x40000130                        PROVIDE (esp_rom_spiflash_erase_sector = 0x40000130)
                0x40000134                        PROVIDE (esp_rom_spiflash_erase_block = 0x40000134)
                0x40000138                        PROVIDE (esp_rom_spiflash_write = 0x40000138)
                0x4000013c                        PROVIDE (esp_rom_spiflash_read = 0x4000013c)
                [!provide]                        PROVIDE (esp_rom_spiflash_unlock = 0x40000140)
                [!provide]                        PROVIDE (SPIEraseArea = 0x40000144)
                [!provide]                        PROVIDE (SPI_write_enable = 0x40000148)
                0x4000014c                        PROVIDE (esp_rom_spiflash_config_param = 0x4000014c)
                [!provide]                        PROVIDE (esp_rom_spiflash_read_user_cmd = 0x40000150)
                [!provide]                        PROVIDE (esp_rom_spiflash_select_qio_pins = 0x40000154)
                [!provide]                        PROVIDE (esp_rom_spi_flash_auto_sus_res = 0x40000158)
                [!provide]                        PROVIDE (esp_rom_spi_flash_send_resume = 0x4000015c)
                [!provide]                        PROVIDE (esp_rom_spi_flash_update_id = 0x40000160)
                0x40000164                        PROVIDE (esp_rom_spiflash_config_clk = 0x40000164)
                [!provide]                        PROVIDE (esp_rom_spiflash_config_readmode = 0x40000168)
                [!provide]                        PROVIDE (esp_rom_spiflash_read_status = 0x4000016c)
                [!provide]                        PROVIDE (esp_rom_spiflash_read_statushigh = 0x40000170)
                [!provide]                        PROVIDE (esp_rom_spiflash_write_status = 0x40000174)
                [!provide]                        PROVIDE (spi_flash_attach = 0x40000178)
                [!provide]                        PROVIDE (spi_flash_get_chip_size = 0x4000017c)
                [!provide]                        PROVIDE (spi_flash_guard_set = 0x40000180)
                [!provide]                        PROVIDE (spi_flash_guard_get = 0x40000184)
                [!provide]                        PROVIDE (spi_flash_read_encrypted = 0x40000188)
                [!provide]                        PROVIDE (spi_flash_mmap_os_func_set = 0x4000018c)
                [!provide]                        PROVIDE (spi_flash_mmap_page_num_init = 0x40000190)
                [!provide]                        PROVIDE (spi_flash_mmap = 0x40000194)
                [!provide]                        PROVIDE (spi_flash_mmap_pages = 0x40000198)
                [!provide]                        PROVIDE (spi_flash_munmap = 0x4000019c)
                [!provide]                        PROVIDE (spi_flash_mmap_dump = 0x400001a0)
                [!provide]                        PROVIDE (spi_flash_check_and_flush_cache = 0x400001a4)
                [!provide]                        PROVIDE (spi_flash_mmap_get_free_pages = 0x400001a8)
                [!provide]                        PROVIDE (spi_flash_cache2phys = 0x400001ac)
                [!provide]                        PROVIDE (spi_flash_phys2cache = 0x400001b0)
                [!provide]                        PROVIDE (spi_flash_disable_cache = 0x400001b4)
                [!provide]                        PROVIDE (spi_flash_restore_cache = 0x400001b8)
                [!provide]                        PROVIDE (spi_flash_cache_enabled = 0x400001bc)
                [!provide]                        PROVIDE (spi_flash_enable_cache = 0x400001c0)
                [!provide]                        PROVIDE (spi_cache_mode_switch = 0x400001c4)
                [!provide]                        PROVIDE (spi_common_set_dummy_output = 0x400001c8)
                [!provide]                        PROVIDE (spi_common_set_flash_cs_timing = 0x400001cc)
                [!provide]                        PROVIDE (esp_rom_spi_set_address_bit_len = 0x400001d0)
                [!provide]                        PROVIDE (esp_enable_cache_flash_wrap = 0x400001d4)
                [!provide]                        PROVIDE (SPILock = 0x400001d8)
                [!provide]                        PROVIDE (SPIMasterReadModeCnfig = 0x400001dc)
                [!provide]                        PROVIDE (SPI_Common_Command = 0x400001e0)
                [!provide]                        PROVIDE (SPI_WakeUp = 0x400001e4)
                [!provide]                        PROVIDE (SPI_block_erase = 0x400001e8)
                [!provide]                        PROVIDE (SPI_chip_erase = 0x400001ec)
                [!provide]                        PROVIDE (SPI_init = 0x400001f0)
                [!provide]                        PROVIDE (SPI_page_program = 0x400001f4)
                [!provide]                        PROVIDE (SPI_read_data = 0x400001f8)
                [!provide]                        PROVIDE (SPI_sector_erase = 0x400001fc)
                [!provide]                        PROVIDE (SelectSpiFunction = 0x40000200)
                [!provide]                        PROVIDE (SetSpiDrvs = 0x40000204)
                [!provide]                        PROVIDE (Wait_SPI_Idle = 0x40000208)
                [!provide]                        PROVIDE (spi_dummy_len_fix = 0x4000020c)
                [!provide]                        PROVIDE (Disable_QMode = 0x40000210)
                [!provide]                        PROVIDE (Enable_QMode = 0x40000214)
                [!provide]                        PROVIDE (rom_spiflash_legacy_funcs = 0x3fcdfff4)
                0x3fcdfff0                        PROVIDE (rom_spiflash_legacy_data = 0x3fcdfff0)
                [!provide]                        PROVIDE (g_flash_guard_ops = 0x3fcdfff8)
                [!provide]                        PROVIDE (spi_flash_hal_poll_cmd_done = 0x40000218)
                [!provide]                        PROVIDE (spi_flash_hal_device_config = 0x4000021c)
                [!provide]                        PROVIDE (spi_flash_hal_configure_host_io_mode = 0x40000220)
                [!provide]                        PROVIDE (spi_flash_hal_common_command = 0x40000224)
                [!provide]                        PROVIDE (spi_flash_hal_read = 0x40000228)
                [!provide]                        PROVIDE (spi_flash_hal_erase_chip = 0x4000022c)
                [!provide]                        PROVIDE (spi_flash_hal_erase_sector = 0x40000230)
                [!provide]                        PROVIDE (spi_flash_hal_erase_block = 0x40000234)
                [!provide]                        PROVIDE (spi_flash_hal_program_page = 0x40000238)
                [!provide]                        PROVIDE (spi_flash_hal_set_write_protect = 0x4000023c)
                [!provide]                        PROVIDE (spi_flash_hal_host_idle = 0x40000240)
                [!provide]                        PROVIDE (spi_flash_hal_check_status = 0x40000244)
                [!provide]                        PROVIDE (spi_flash_hal_setup_read_suspend = 0x40000248)
                [!provide]                        PROVIDE (spi_flash_hal_setup_auto_suspend_mode = 0x4000024c)
                [!provide]                        PROVIDE (spi_flash_hal_setup_auto_resume_mode = 0x40000250)
                [!provide]                        PROVIDE (spi_flash_hal_disable_auto_suspend_mode = 0x40000254)
                [!provide]                        PROVIDE (spi_flash_hal_disable_auto_resume_mode = 0x40000258)
                [!provide]                        PROVIDE (spi_flash_hal_resume = 0x4000025c)
                [!provide]                        PROVIDE (spi_flash_hal_suspend = 0x40000260)
                [!provide]                        PROVIDE (spi_flash_encryption_hal_enable = 0x40000264)
                [!provide]                        PROVIDE (spi_flash_encryption_hal_disable = 0x40000268)
                [!provide]                        PROVIDE (spi_flash_encryption_hal_prepare = 0x4000026c)
                [!provide]                        PROVIDE (spi_flash_encryption_hal_done = 0x40000270)
                [!provide]                        PROVIDE (spi_flash_encryption_hal_destroy = 0x40000274)
                [!provide]                        PROVIDE (spi_flash_encryption_hal_check = 0x40000278)
                [!provide]                        PROVIDE (spi_flash_chip_generic_probe = 0x40000380)
                [!provide]                        PROVIDE (spi_flash_chip_generic_detect_size = 0x40000384)
                [!provide]                        PROVIDE (spi_flash_chip_generic_write = 0x40000388)
                [!provide]                        PROVIDE (spi_flash_chip_generic_write_encrypted = 0x4000038c)
                [!provide]                        PROVIDE (spi_flash_chip_generic_set_write_protect = 0x40000390)
                [!provide]                        PROVIDE (spi_flash_common_write_status_16b_wrsr = 0x40000394)
                [!provide]                        PROVIDE (spi_flash_chip_generic_reset = 0x40000398)
                [!provide]                        PROVIDE (spi_flash_chip_generic_erase_chip = 0x4000039c)
                [!provide]                        PROVIDE (spi_flash_chip_generic_erase_sector = 0x400003a0)
                [!provide]                        PROVIDE (spi_flash_chip_generic_erase_block = 0x400003a4)
                [!provide]                        PROVIDE (spi_flash_chip_generic_page_program = 0x400003a8)
                [!provide]                        PROVIDE (spi_flash_chip_generic_get_write_protect = 0x400003ac)
                [!provide]                        PROVIDE (spi_flash_common_read_status_16b_rdsr_rdsr2 = 0x400003b0)
                [!provide]                        PROVIDE (spi_flash_chip_generic_read_reg = 0x400003b4)
                [!provide]                        PROVIDE (spi_flash_chip_generic_yield = 0x400003b8)
                [!provide]                        PROVIDE (spi_flash_generic_wait_host_idle = 0x400003bc)
                [!provide]                        PROVIDE (spi_flash_chip_generic_wait_idle = 0x400003c0)
                [!provide]                        PROVIDE (spi_flash_chip_generic_config_host_io_mode = 0x400003c4)
                [!provide]                        PROVIDE (spi_flash_chip_generic_read = 0x400003c8)
                [!provide]                        PROVIDE (spi_flash_common_read_status_8b_rdsr2 = 0x400003cc)
                [!provide]                        PROVIDE (spi_flash_chip_generic_get_io_mode = 0x400003d0)
                [!provide]                        PROVIDE (spi_flash_common_read_status_8b_rdsr = 0x400003d4)
                [!provide]                        PROVIDE (spi_flash_common_write_status_8b_wrsr = 0x400003d8)
                [!provide]                        PROVIDE (spi_flash_common_write_status_8b_wrsr2 = 0x400003dc)
                [!provide]                        PROVIDE (spi_flash_common_set_io_mode = 0x400003e0)
                [!provide]                        PROVIDE (spi_flash_chip_generic_set_io_mode = 0x400003e4)
                [!provide]                        PROVIDE (spi_flash_chip_generic_read_unique_id = 0x400003e8)
                [!provide]                        PROVIDE (spi_flash_chip_generic_get_caps = 0x400003ec)
                [!provide]                        PROVIDE (spi_flash_chip_generic_suspend_cmd_conf = 0x400003f0)
                [!provide]                        PROVIDE (spi_flash_chip_gd_get_io_mode = 0x400003f4)
                [!provide]                        PROVIDE (spi_flash_chip_gd_probe = 0x400003f8)
                [!provide]                        PROVIDE (spi_flash_chip_gd_set_io_mode = 0x400003fc)
                [!provide]                        PROVIDE (spi_flash_chip_generic_config_data = 0x3fcdffe8)
                [!provide]                        PROVIDE (spi_flash_encryption = 0x3fcdffe4)
                [!provide]                        PROVIDE (memspi_host_read_id_hs = 0x40000400)
                [!provide]                        PROVIDE (memspi_host_read_status_hs = 0x40000404)
                [!provide]                        PROVIDE (memspi_host_flush_cache = 0x40000408)
                [!provide]                        PROVIDE (memspi_host_erase_chip = 0x4000040c)
                [!provide]                        PROVIDE (memspi_host_erase_sector = 0x40000410)
                [!provide]                        PROVIDE (memspi_host_erase_block = 0x40000414)
                [!provide]                        PROVIDE (memspi_host_program_page = 0x40000418)
                [!provide]                        PROVIDE (memspi_host_read = 0x4000041c)
                [!provide]                        PROVIDE (memspi_host_set_write_protect = 0x40000420)
                [!provide]                        PROVIDE (memspi_host_set_max_read_len = 0x40000424)
                [!provide]                        PROVIDE (memspi_host_read_data_slicer = 0x40000428)
                [!provide]                        PROVIDE (memspi_host_write_data_slicer = 0x4000042c)
                [!provide]                        PROVIDE (esp_flash_chip_driver_initialized = 0x40000430)
                [!provide]                        PROVIDE (esp_flash_read_id = 0x40000434)
                [!provide]                        PROVIDE (esp_flash_get_size = 0x40000438)
                [!provide]                        PROVIDE (esp_flash_erase_chip = 0x4000043c)
                [!provide]                        PROVIDE (esp_flash_erase_region = 0x40000440)
                [!provide]                        PROVIDE (esp_flash_get_chip_write_protect = 0x40000444)
                [!provide]                        PROVIDE (esp_flash_set_chip_write_protect = 0x40000448)
                [!provide]                        PROVIDE (esp_flash_get_protectable_regions = 0x4000044c)
                [!provide]                        PROVIDE (esp_flash_get_protected_region = 0x40000450)
                [!provide]                        PROVIDE (esp_flash_set_protected_region = 0x40000454)
                [!provide]                        PROVIDE (esp_flash_read = 0x40000458)
                [!provide]                        PROVIDE (esp_flash_write = 0x4000045c)
                [!provide]                        PROVIDE (esp_flash_write_encrypted = 0x40000460)
                [!provide]                        PROVIDE (esp_flash_read_encrypted = 0x40000464)
                [!provide]                        PROVIDE (esp_flash_get_io_mode = 0x40000468)
                [!provide]                        PROVIDE (esp_flash_set_io_mode = 0x4000046c)
                [!provide]                        PROVIDE (spi_flash_boot_attach = 0x40000470)
                [!provide]                        PROVIDE (esp_flash_read_chip_id = 0x40000474)
                [!provide]                        PROVIDE (detect_spi_flash_chip = 0x40000478)
                [!provide]                        PROVIDE (esp_rom_spiflash_write_disable = 0x4000047c)
                [!provide]                        PROVIDE (esp_flash_suspend_cmd_init = 0x40000480)
                [!provide]                        PROVIDE (esp_flash_default_chip = 0x3fcdffe0)
                [!provide]                        PROVIDE (esp_flash_api_funcs = 0x3fcdffdc)
                0x400006e0                        PROVIDE (Cache_Get_ICache_Line_Size = 0x400006e0)
                [!provide]                        PROVIDE (Cache_Get_Mode = 0x400006e4)
                [!provide]                        PROVIDE (Cache_Address_Through_IBus = 0x400006e8)
                [!provide]                        PROVIDE (Cache_Address_Through_DBus = 0x400006ec)
                [!provide]                        PROVIDE (Cache_Set_Default_Mode = 0x400006f0)
                [!provide]                        PROVIDE (Cache_Enable_Defalut_ICache_Mode = 0x400006f4)
                0x400006f8                        PROVIDE (ROM_Boot_Cache_Init = 0x400006f8)
                [!provide]                        PROVIDE (MMU_Set_Page_Mode = 0x400006fc)
                [!provide]                        PROVIDE (MMU_Get_Page_Mode = 0x40000700)
                [!provide]                        PROVIDE (Cache_Invalidate_ICache_Items = 0x40000704)
                [!provide]                        PROVIDE (Cache_Op_Addr = 0x40000708)
                0x4000070c                        PROVIDE (Cache_Invalidate_Addr = 0x4000070c)
                [!provide]                        PROVIDE (Cache_Invalidate_ICache_All = 0x40000710)
                [!provide]                        PROVIDE (Cache_Mask_All = 0x40000714)
                [!provide]                        PROVIDE (Cache_UnMask_Dram0 = 0x40000718)
                0x4000071c                        PROVIDE (Cache_Disable_ICache = 0x4000071c)
                0x40000720                        PROVIDE (Cache_Enable_ICache = 0x40000720)
                0x40000724                        PROVIDE (Cache_Suspend_ICache = 0x40000724)
                0x40000728                        PROVIDE (Cache_Resume_ICache = 0x40000728)
                [!provide]                        PROVIDE (Cache_Freeze_ICache_Enable = 0x4000072c)
                [!provide]                        PROVIDE (Cache_Freeze_ICache_Disable = 0x40000730)
                [!provide]                        PROVIDE (Cache_Set_IDROM_MMU_Size = 0x40000734)
                [!provide]                        PROVIDE (Cache_Get_IROM_MMU_End = 0x40000738)
                [!provide]                        PROVIDE (Cache_Get_DROM_MMU_End = 0x4000073c)
                [!provide]                        PROVIDE (Cache_Owner_Init = 0x40000740)
                [!provide]                        PROVIDE (Cache_Occupy_ICache_MEMORY = 0x40000744)
                [!provide]                        PROVIDE (Cache_MMU_Init = 0x40000748)
                [!provide]                        PROVIDE (Cache_Ibus_MMU_Set = 0x4000074c)
                [!provide]                        PROVIDE (Cache_Dbus_MMU_Set = 0x40000750)
                [!provide]                        PROVIDE (Cache_Count_Flash_Pages = 0x40000754)
                [!provide]                        PROVIDE (Cache_Travel_Tag_Memory = 0x40000758)
                [!provide]                        PROVIDE (Cache_Get_Virtual_Addr = 0x4000075c)
                [!provide]                        PROVIDE (Cache_Get_Memory_BaseAddr = 0x40000760)
                [!provide]                        PROVIDE (Cache_Get_Memory_Addr = 0x40000764)
                [!provide]                        PROVIDE (Cache_Get_Memory_value = 0x40000768)
                [!provide]                        PROVIDE (rom_cache_op_cb = 0x3fcdffd0)
                [!provide]                        PROVIDE (rom_cache_internal_table_ptr = 0x3fcdffcc)
                0x4000076c                        ets_get_apb_freq = 0x4000076c
                0x40000770                        ets_get_cpu_frequency = 0x40000770
                0x40000774                        ets_update_cpu_frequency = 0x40000774
                0x40000778                        ets_get_printf_channel = 0x40000778
                0x4000077c                        ets_get_xtal_div = 0x4000077c
                0x40000780                        ets_set_xtal_div = 0x40000780
                0x40000784                        ets_get_xtal_freq = 0x40000784
                0x40000788                        gpio_input_get = 0x40000788
                0x4000078c                        gpio_matrix_in = 0x4000078c
                0x40000790                        gpio_matrix_out = 0x40000790
                0x40000794                        gpio_output_disable = 0x40000794
                0x40000798                        gpio_output_enable = 0x40000798
                0x4000079c                        gpio_output_set = 0x4000079c
                0x400007a0                        gpio_pad_hold = 0x400007a0
                0x400007a4                        gpio_pad_input_disable = 0x400007a4
                0x400007a8                        gpio_pad_input_enable = 0x400007a8
                0x400007ac                        gpio_pad_pulldown = 0x400007ac
                0x400007b0                        gpio_pad_pullup = 0x400007b0
                0x400007b4                        gpio_pad_select_gpio = 0x400007b4
                0x400007b8                        gpio_pad_set_drv = 0x400007b8
                0x400007bc                        gpio_pad_unhold = 0x400007bc
                0x400007c0                        gpio_pin_wakeup_disable = 0x400007c0
                0x400007c4                        gpio_pin_wakeup_enable = 0x400007c4
                0x400007c8                        gpio_bypass_matrix_in = 0x400007c8
                0x400007cc                        esprv_intc_int_set_priority = 0x400007cc
                0x400007d0                        esprv_intc_int_set_threshold = 0x400007d0
                0x400007d4                        esprv_intc_int_enable = 0x400007d4
                0x400007d8                        esprv_intc_int_disable = 0x400007d8
                0x400007dc                        esprv_intc_int_set_type = 0x400007dc
                [!provide]                        PROVIDE (intr_handler_set = 0x400007e0)
                0x400007e4                        intr_matrix_set = 0x400007e4
                0x400007e8                        ets_intr_lock = 0x400007e8
                0x400007ec                        ets_intr_unlock = 0x400007ec
                0x400007f0                        ets_isr_attach = 0x400007f0
                0x400007f4                        ets_isr_mask = 0x400007f4
                0x400007f8                        ets_isr_unmask = 0x400007f8
                0x400007fc                        crc32_le = 0x400007fc
                0x40000800                        crc16_le = 0x40000800
                0x40000804                        crc8_le = 0x40000804
                0x40000808                        crc32_be = 0x40000808
                0x4000080c                        crc16_be = 0x4000080c
                0x40000810                        crc8_be = 0x40000810
                0x40000814                        esp_crc8 = 0x40000814
                0x40000818                        ets_sha_enable = 0x40000818
                0x4000081c                        ets_sha_disable = 0x4000081c
                0x40000820                        ets_sha_get_state = 0x40000820
                0x40000824                        ets_sha_init = 0x40000824
                0x40000828                        ets_sha_process = 0x40000828
                0x4000082c                        ets_sha_starts = 0x4000082c
                0x40000830                        ets_sha_update = 0x40000830
                0x40000834                        ets_sha_finish = 0x40000834
                0x40000838                        ets_sha_clone = 0x40000838
                0x3ff4fff8                        crc32_le_table_ptr = 0x3ff4fff8
                0x3ff4fff4                        crc16_le_table_ptr = 0x3ff4fff4
                0x3ff4fff0                        crc8_le_table_ptr = 0x3ff4fff0
                0x3ff4ffec                        crc32_be_table_ptr = 0x3ff4ffec
                0x3ff4ffe8                        crc16_be_table_ptr = 0x3ff4ffe8
                0x3ff4ffe4                        crc8_be_table_ptr = 0x3ff4ffe4
                0x4000083c                        ets_efuse_read = 0x4000083c
                0x40000840                        ets_efuse_program = 0x40000840
                0x40000844                        ets_efuse_clear_program_registers = 0x40000844
                0x40000848                        ets_efuse_write_key = 0x40000848
                0x4000084c                        ets_efuse_get_read_register_address = 0x4000084c
                0x40000850                        ets_efuse_get_key_purpose = 0x40000850
                0x40000854                        ets_efuse_key_block_unused = 0x40000854
                0x40000858                        ets_efuse_find_unused_key_block = 0x40000858
                0x4000085c                        ets_efuse_rs_calculate = 0x4000085c
                0x40000860                        ets_efuse_count_unused_key_blocks = 0x40000860
                0x40000864                        ets_efuse_secure_boot_enabled = 0x40000864
                0x40000868                        ets_efuse_secure_boot_aggressive_revoke_enabled = 0x40000868
                0x4000086c                        ets_efuse_cache_encryption_enabled = 0x4000086c
                0x40000870                        ets_efuse_download_modes_disabled = 0x40000870
                0x40000874                        ets_efuse_find_purpose = 0x40000874
                0x40000878                        ets_efuse_force_send_resume = 0x40000878
                0x4000087c                        ets_efuse_get_flash_delay_us = 0x4000087c
                0x40000880                        ets_efuse_get_mac = 0x40000880
                0x40000884                        ets_efuse_get_uart_print_control = 0x40000884
                0x40000888                        ets_efuse_direct_boot_mode_disabled = 0x40000888
                0x4000088c                        ets_efuse_security_download_modes_enabled = 0x4000088c
                0x40000890                        ets_efuse_set_timing = 0x40000890
                0x40000894                        ets_efuse_jtag_disabled = 0x40000894
                0x40000898                        ets_ecdsa_verify = 0x40000898
                0x4000089c                        ets_secure_boot_verify_bootloader_with_keys = 0x4000089c
                0x400008a0                        ets_secure_boot_verify_signature = 0x400008a0
                0x400008a4                        ets_secure_boot_read_key_digests = 0x400008a4
                0x3fcdffc9                        g_uart_print = 0x3fcdffc9
                0x3fcdffc8                        g_usb_print = 0x3fcdffc8
                0x40000aa8                        ble_controller_rom_data_init = 0x40000aa8
                0x40000aac                        ble_osi_coex_funcs_register = 0x40000aac
                0x40000ab0                        bt_rf_coex_cfg_get_default = 0x40000ab0
                0x40000ab4                        bt_rf_coex_dft_pti_get_default = 0x40000ab4
                0x40000ab8                        bt_rf_coex_hooks_p_set = 0x40000ab8
                0x40000abc                        r__os_mbuf_copypkthdr = 0x40000abc
                0x40000ac4                        r_ble_controller_get_rom_compile_version = 0x40000ac4
                0x40000ad8                        r_ble_hci_ram_reset = 0x40000ad8
                0x40000adc                        r_ble_hci_ram_set_acl_free_cb = 0x40000adc
                0x40000ae0                        r_ble_hci_trans_acl_buf_alloc = 0x40000ae0
                0x40000ae4                        r_ble_hci_trans_buf_alloc = 0x40000ae4
                0x40000ae8                        r_ble_hci_trans_buf_free = 0x40000ae8
                0x40000aec                        r_ble_hci_trans_cfg_hs = 0x40000aec
                0x40000af0                        r_ble_hci_trans_cfg_ll = 0x40000af0
                0x40000afc                        r_ble_hci_trans_init = 0x40000afc
                0x40000b00                        r_ble_hci_uart_acl_tx = 0x40000b00
                0x40000b04                        r_ble_hci_uart_cmdevt_tx = 0x40000b04
                0x40000b08                        r_ble_hci_uart_config = 0x40000b08
                0x40000b0c                        r_ble_hci_uart_free_pkt = 0x40000b0c
                0x40000b20                        r_ble_hci_uart_rx_acl = 0x40000b20
                0x40000b24                        r_ble_hci_uart_rx_char = 0x40000b24
                0x40000b28                        r_ble_hci_uart_rx_cmd = 0x40000b28
                0x40000b2c                        r_ble_hci_uart_rx_evt = 0x40000b2c
                0x40000b30                        r_ble_hci_uart_rx_evt_cb = 0x40000b30
                0x40000b34                        r_ble_hci_uart_rx_le_evt = 0x40000b34
                0x40000b38                        r_ble_hci_uart_rx_pkt_type = 0x40000b38
                0x40000b3c                        r_ble_hci_uart_rx_skip_acl = 0x40000b3c
                0x40000b40                        r_ble_hci_uart_rx_skip_cmd = 0x40000b40
                0x40000b44                        r_ble_hci_uart_rx_skip_evt = 0x40000b44
                0x40000b48                        r_ble_hci_uart_rx_sync_loss = 0x40000b48
                0x40000b4c                        r_ble_hci_uart_set_acl_free_cb = 0x40000b4c
                0x40000b50                        r_ble_hci_uart_sync_lost = 0x40000b50
                0x40000b54                        r_ble_hci_uart_trans_reset = 0x40000b54
                0x40000b58                        r_ble_hci_uart_tx_char = 0x40000b58
                0x40000b5c                        r_ble_hci_uart_tx_pkt_type = 0x40000b5c
                0x40000b68                        r_ble_hw_encrypt_block = 0x40000b68
                0x40000b6c                        r_ble_hw_get_public_addr = 0x40000b6c
                0x40000b70                        r_ble_hw_get_static_addr = 0x40000b70
                0x40000b74                        r_ble_hw_periodiclist_add = 0x40000b74
                0x40000b78                        r_ble_hw_periodiclist_clear = 0x40000b78
                0x40000b7c                        r_ble_hw_periodiclist_rmv = 0x40000b7c
                0x40000b80                        r_ble_hw_resolv_list_cur_entry = 0x40000b80
                0x40000b88                        r_ble_hw_resolv_list_set = 0x40000b88
                0x40000b8c                        r_ble_hw_rng_init = 0x40000b8c
                0x40000b90                        r_ble_hw_rng_start = 0x40000b90
                0x40000b94                        r_ble_hw_rng_stop = 0x40000b94
                0x40000b98                        r_ble_hw_rx_local_is_resolved = 0x40000b98
                0x40000b9c                        r_ble_hw_rx_local_is_rpa = 0x40000b9c
                0x40000ba0                        r_ble_hw_whitelist_add = 0x40000ba0
                0x40000ba8                        r_ble_hw_whitelist_dev_num = 0x40000ba8
                0x40000bac                        r_ble_hw_whitelist_get_base = 0x40000bac
                0x40000bb4                        r_ble_hw_whitelist_search = 0x40000bb4
                0x40000bb8                        r_ble_hw_whitelist_sort = 0x40000bb8
                0x40000bbc                        r_ble_ll_acl_data_in = 0x40000bbc
                0x40000bc0                        r_ble_ll_addr_is_id = 0x40000bc0
                0x40000bc4                        r_ble_ll_addr_subtype = 0x40000bc4
                0x40000bc8                        r_ble_ll_adv_active_chanset_clear = 0x40000bc8
                0x40000bcc                        r_ble_ll_adv_active_chanset_is_pri = 0x40000bcc
                0x40000bd0                        r_ble_ll_adv_active_chanset_is_sec = 0x40000bd0
                0x40000bd4                        r_ble_ll_adv_active_chanset_set_pri = 0x40000bd4
                0x40000bd8                        r_ble_ll_adv_active_chanset_set_sec = 0x40000bd8
                0x40000bdc                        r_ble_ll_adv_aux_calculate = 0x40000bdc
                0x40000be0                        r_ble_ll_adv_aux_conn_rsp_pdu_make = 0x40000be0
                0x40000be4                        r_ble_ll_adv_aux_pdu_make = 0x40000be4
                0x40000be8                        r_ble_ll_adv_aux_scannable_pdu_make = 0x40000be8
                0x40000bec                        r_ble_ll_adv_aux_txed = 0x40000bec
                0x40000bf0                        r_ble_ll_adv_can_chg_whitelist = 0x40000bf0
                0x40000bf4                        r_ble_ll_adv_chk_rpa_timeout = 0x40000bf4
                0x40000bf8                        r_ble_ll_adv_clear_all = 0x40000bf8
                0x40000bfc                        r_ble_ll_adv_conn_req_rxd = 0x40000bfc
                0x40000c04                        r_ble_ll_adv_enabled = 0x40000c04
                0x40000c0c                        r_ble_ll_adv_ext_set_adv_data = 0x40000c0c
                0x40000c18                        r_ble_ll_adv_ext_set_scan_rsp = 0x40000c18
                0x40000c1c                        r_ble_ll_adv_final_chan = 0x40000c1c
                0x40000c20                        r_ble_ll_adv_first_chan = 0x40000c20
                0x40000c24                        r_ble_ll_adv_flags_clear = 0x40000c24
                0x40000c28                        r_ble_ll_adv_flags_set = 0x40000c28
                0x40000c2c                        r_ble_ll_adv_get_chan_num = 0x40000c2c
                0x40000c30                        r_ble_ll_adv_get_local_rpa = 0x40000c30
                0x40000c34                        r_ble_ll_adv_get_peer_rpa = 0x40000c34
                0x40000c38                        r_ble_ll_adv_hci_set_random_addr = 0x40000c38
                0x40000c3c                        r_ble_ll_adv_init = 0x40000c3c
                0x40000c44                        r_ble_ll_adv_next_chan = 0x40000c44
                0x40000c48                        r_ble_ll_adv_pdu_make = 0x40000c48
                0x40000c4c                        r_ble_ll_adv_periodic_check_data_itvl = 0x40000c4c
                0x40000c54                        r_ble_ll_adv_periodic_estimate_data_itvl = 0x40000c54
                0x40000c58                        r_ble_ll_adv_periodic_send_sync_ind = 0x40000c58
                0x40000c60                        r_ble_ll_adv_periodic_set_info_transfer = 0x40000c60
                0x40000c64                        r_ble_ll_adv_periodic_set_param = 0x40000c64
                0x40000c68                        r_ble_ll_adv_pre_process = 0x40000c68
                0x40000c6c                        r_ble_ll_adv_put_acad_chM_update_ind = 0x40000c6c
                0x40000c70                        r_ble_ll_adv_put_aux_ptr = 0x40000c70
                0x40000c74                        r_ble_ll_adv_put_syncinfo = 0x40000c74
                0x40000c78                        r_ble_ll_adv_rd_max_adv_data_len = 0x40000c78
                0x40000c7c                        r_ble_ll_adv_rd_sup_adv_sets = 0x40000c7c
                0x40000c80                        r_ble_ll_adv_read_txpwr = 0x40000c80
                0x40000c8c                        r_ble_ll_adv_rpa_timeout = 0x40000c8c
                0x40000c90                        r_ble_ll_adv_rpa_update = 0x40000c90
                0x40000c98                        r_ble_ll_adv_scan_req_rxd = 0x40000c98
                0x40000c9c                        r_ble_ll_adv_scan_rsp_legacy_pdu_make = 0x40000c9c
                0x40000ca0                        r_ble_ll_adv_scan_rsp_pdu_make = 0x40000ca0
                0x40000ca4                        r_ble_ll_adv_scheduled = 0x40000ca4
                0x40000cb8                        r_ble_ll_adv_set_random_addr = 0x40000cb8
                0x40000cc4                        r_ble_ll_adv_sm_deinit = 0x40000cc4
                0x40000cc8                        r_ble_ll_adv_sm_event_init = 0x40000cc8
                0x40000ccc                        r_ble_ll_adv_sm_find_configured = 0x40000ccc
                0x40000cd0                        r_ble_ll_adv_sm_get = 0x40000cd0
                0x40000cd8                        r_ble_ll_adv_sm_reset = 0x40000cd8
                0x40000cdc                        r_ble_ll_adv_sm_start = 0x40000cdc
                0x40000ce0                        r_ble_ll_adv_sm_start_periodic = 0x40000ce0
                0x40000ce4                        r_ble_ll_adv_sm_stop = 0x40000ce4
                0x40000ce8                        r_ble_ll_adv_sm_stop_limit_reached = 0x40000ce8
                0x40000cec                        r_ble_ll_adv_sm_stop_periodic = 0x40000cec
                0x40000cf0                        r_ble_ll_adv_sm_stop_timeout = 0x40000cf0
                0x40000cf8                        r_ble_ll_adv_sync_get_pdu_len = 0x40000cf8
                0x40000d00                        r_ble_ll_adv_update_adv_scan_rsp_data = 0x40000d00
                0x40000d04                        r_ble_ll_adv_update_data_mbuf = 0x40000d04
                0x40000d08                        r_ble_ll_adv_update_did = 0x40000d08
                0x40000d0c                        r_ble_ll_adv_update_periodic_data = 0x40000d0c
                0x40000d14                        r_ble_ll_auth_pyld_tmo_event_send = 0x40000d14
                0x40000d18                        r_ble_ll_calc_offset_ticks_us_for_rampup = 0x40000d18
                0x40000d1c                        r_ble_ll_calc_session_key = 0x40000d1c
                0x40000d20                        r_ble_ll_calc_ticks_per_slot = 0x40000d20
                0x40000d28                        r_ble_ll_chk_txrx_octets = 0x40000d28
                0x40000d2c                        r_ble_ll_chk_txrx_time = 0x40000d2c
                0x40000d30                        r_ble_ll_conn_adjust_pyld_len = 0x40000d30
                0x40000d34                        r_ble_ll_conn_auth_pyld_timer_cb = 0x40000d34
                0x40000d38                        r_ble_ll_conn_auth_pyld_timer_start = 0x40000d38
                0x40000d3c                        r_ble_ll_conn_calc_dci = 0x40000d3c
                0x40000d40                        r_ble_ll_conn_calc_dci_csa1 = 0x40000d40
                0x40000d44                        r_ble_ll_conn_calc_itvl_ticks = 0x40000d44
                0x40000d48                        r_ble_ll_conn_chk_csm_flags = 0x40000d48
                0x40000d4c                        r_ble_ll_conn_chk_phy_upd_start = 0x40000d4c
                0x40000d50                        r_ble_ll_conn_comp_event_send = 0x40000d50
                0x40000d5c                        r_ble_ll_conn_create_cancel = 0x40000d5c
                0x40000d64                        r_ble_ll_conn_cth_flow_enable = 0x40000d64
                0x40000d68                        r_ble_ll_conn_cth_flow_error_fn = 0x40000d68
                0x40000d6c                        r_ble_ll_conn_cth_flow_have_credit = 0x40000d6c
                0x40000d70                        r_ble_ll_conn_cth_flow_is_enabled = 0x40000d70
                0x40000d74                        r_ble_ll_conn_cth_flow_process_cmd = 0x40000d74
                0x40000d78                        r_ble_ll_conn_cth_flow_set_buffers = 0x40000d78
                0x40000d84                        r_ble_ll_conn_ext_master_init = 0x40000d84
                0x40000d88                        r_ble_ll_conn_find_active_conn = 0x40000d88
                0x40000d8c                        r_ble_ll_conn_get_active_conn = 0x40000d8c
                0x40000d90                        r_ble_ll_conn_get_anchor = 0x40000d90
                0x40000d94                        r_ble_ll_conn_hcc_params_set_fallback = 0x40000d94
                0x40000d98                        r_ble_ll_conn_hci_cancel_conn_complete_event = 0x40000d98
                0x40000d9c                        r_ble_ll_conn_hci_chk_conn_params = 0x40000d9c
                0x40000da0                        r_ble_ll_conn_hci_chk_scan_params = 0x40000da0
                0x40000da4                        r_ble_ll_conn_hci_disconnect_cmd = 0x40000da4
                0x40000da8                        r_ble_ll_conn_hci_le_ltk_neg_reply = 0x40000da8
                0x40000dac                        r_ble_ll_conn_hci_le_ltk_reply = 0x40000dac
                0x40000db0                        r_ble_ll_conn_hci_le_rd_phy = 0x40000db0
                0x40000db8                        r_ble_ll_conn_hci_le_start_encrypt = 0x40000db8
                0x40000dbc                        r_ble_ll_conn_hci_param_nrr = 0x40000dbc
                0x40000dc0                        r_ble_ll_conn_hci_param_rr = 0x40000dc0
                0x40000dc4                        r_ble_ll_conn_hci_rd_auth_pyld_tmo = 0x40000dc4
                0x40000dc8                        r_ble_ll_conn_hci_rd_chan_map = 0x40000dc8
                0x40000dcc                        r_ble_ll_conn_hci_rd_rem_ver_cmd = 0x40000dcc
                0x40000dd0                        r_ble_ll_conn_hci_rd_rssi = 0x40000dd0
                0x40000dd4                        r_ble_ll_conn_hci_read_rem_features = 0x40000dd4
                0x40000ddc                        r_ble_ll_conn_hci_set_data_len = 0x40000ddc
                0x40000de0                        r_ble_ll_conn_hci_update = 0x40000de0
                0x40000de4                        r_ble_ll_conn_hci_wr_auth_pyld_tmo = 0x40000de4
                0x40000de8                        r_ble_ll_conn_init_phy = 0x40000de8
                0x40000df0                        r_ble_ll_conn_is_empty_pdu = 0x40000df0
                0x40000df4                        r_ble_ll_conn_is_lru = 0x40000df4
                0x40000df8                        r_ble_ll_conn_master_init = 0x40000df8
                0x40000e04                        r_ble_ll_conn_module_reset = 0x40000e04
                0x40000e0c                        r_ble_ll_conn_num_comp_pkts_event_send = 0x40000e0c
                0x40000e14                        r_ble_ll_conn_process_conn_params = 0x40000e14
                0x40000e18                        r_ble_ll_conn_req_peer_sca = 0x40000e18
                0x40000e20                        r_ble_ll_conn_set_csa = 0x40000e20
                0x40000e24                        r_ble_ll_conn_set_ext_con_params = 0x40000e24
                0x40000e28                        r_ble_ll_conn_set_global_chanmap = 0x40000e28
                0x40000e2c                        r_ble_ll_conn_set_phy = 0x40000e2c
                0x40000e30                        r_ble_ll_conn_set_txpwr_by_handle = 0x40000e30
                0x40000e34                        r_ble_ll_conn_set_unknown_rx_octets = 0x40000e34
                0x40000e3c                        r_ble_ll_conn_sm_get = 0x40000e3c
                0x40000e4c                        r_ble_ll_conn_tx_pkt_in = 0x40000e4c
                0x40000e50                        r_ble_ll_conn_update_eff_data_len = 0x40000e50
                0x40000e54                        r_ble_ll_ctrl_chanmap_req_make = 0x40000e54
                0x40000e5c                        r_ble_ll_ctrl_conn_param_pdu_make = 0x40000e5c
                0x40000e60                        r_ble_ll_ctrl_conn_param_pdu_proc = 0x40000e60
                0x40000e64                        r_ble_ll_ctrl_conn_param_reply = 0x40000e64
                0x40000e6c                        r_ble_ll_ctrl_datalen_upd_make = 0x40000e6c
                0x40000e70                        r_ble_ll_ctrl_enc_allowed_pdu = 0x40000e70
                0x40000e74                        r_ble_ll_ctrl_enc_allowed_pdu_rx = 0x40000e74
                0x40000e7c                        r_ble_ll_ctrl_enc_req_make = 0x40000e7c
                0x40000e80                        r_ble_ll_ctrl_find_new_phy = 0x40000e80
                0x40000e84                        r_ble_ll_ctrl_initiate_dle = 0x40000e84
                0x40000e88                        r_ble_ll_ctrl_len_proc = 0x40000e88
                0x40000e8c                        r_ble_ll_ctrl_min_used_chan_rsp = 0x40000e8c
                0x40000e90                        r_ble_ll_ctrl_phy_from_phy_mask = 0x40000e90
                0x40000e94                        r_ble_ll_ctrl_phy_req_rsp_make = 0x40000e94
                0x40000e98                        r_ble_ll_ctrl_phy_tx_transition_get = 0x40000e98
                0x40000e9c                        r_ble_ll_ctrl_phy_update_cancel = 0x40000e9c
                0x40000ea0                        r_ble_ll_ctrl_phy_update_ind_make = 0x40000ea0
                0x40000ea4                        r_ble_ll_ctrl_phy_update_proc_complete = 0x40000ea4
                0x40000eac                        r_ble_ll_ctrl_proc_rsp_timer_cb = 0x40000eac
                0x40000eb4                        r_ble_ll_ctrl_proc_stop = 0x40000eb4
                0x40000ebc                        r_ble_ll_ctrl_proc_with_instant_initiated = 0x40000ebc
                0x40000ec0                        r_ble_ll_ctrl_rej_ext_ind_make = 0x40000ec0
                0x40000ec4                        r_ble_ll_ctrl_reject_ind_send = 0x40000ec4
                0x40000ec8                        r_ble_ll_ctrl_rx_chanmap_req = 0x40000ec8
                0x40000ecc                        r_ble_ll_ctrl_rx_conn_param_req = 0x40000ecc
                0x40000ed8                        r_ble_ll_ctrl_rx_enc_req = 0x40000ed8
                0x40000edc                        r_ble_ll_ctrl_rx_enc_rsp = 0x40000edc
                0x40000ee0                        r_ble_ll_ctrl_rx_feature_req = 0x40000ee0
                0x40000ee8                        r_ble_ll_ctrl_rx_pause_enc_req = 0x40000ee8
                0x40000eec                        r_ble_ll_ctrl_rx_pause_enc_rsp = 0x40000eec
                0x40000ef4                        r_ble_ll_ctrl_rx_periodic_sync_ind = 0x40000ef4
                0x40000ef8                        r_ble_ll_ctrl_rx_phy_req = 0x40000ef8
                0x40000efc                        r_ble_ll_ctrl_rx_phy_rsp = 0x40000efc
                0x40000f00                        r_ble_ll_ctrl_rx_phy_update_ind = 0x40000f00
                0x40000f04                        r_ble_ll_ctrl_rx_ping_rsp = 0x40000f04
                0x40000f08                        r_ble_ll_ctrl_rx_reject_ind = 0x40000f08
                0x40000f0c                        r_ble_ll_ctrl_rx_sca_req = 0x40000f0c
                0x40000f10                        r_ble_ll_ctrl_rx_sca_rsp = 0x40000f10
                0x40000f14                        r_ble_ll_ctrl_rx_start_enc_req = 0x40000f14
                0x40000f18                        r_ble_ll_ctrl_rx_start_enc_rsp = 0x40000f18
                0x40000f1c                        r_ble_ll_ctrl_rx_version_ind = 0x40000f1c
                0x40000f20                        r_ble_ll_ctrl_sca_req_rsp_make = 0x40000f20
                0x40000f24                        r_ble_ll_ctrl_start_enc_send = 0x40000f24
                0x40000f28                        r_ble_ll_ctrl_start_rsp_timer = 0x40000f28
                0x40000f2c                        r_ble_ll_ctrl_terminate_start = 0x40000f2c
                0x40000f34                        r_ble_ll_ctrl_update_features = 0x40000f34
                0x40000f38                        r_ble_ll_ctrl_version_ind_make = 0x40000f38
                0x40000f3c                        r_ble_ll_data_buffer_overflow = 0x40000f3c
                0x40000f44                        r_ble_ll_disconn_comp_event_send = 0x40000f44
                0x40000f4c                        r_ble_ll_event_comp_pkts = 0x40000f4c
                0x40000f50                        r_ble_ll_event_dbuf_overflow = 0x40000f50
                0x40000f54                        r_ble_ll_event_send = 0x40000f54
                0x40000f58                        r_ble_ll_event_tx_pkt = 0x40000f58
                0x40000f5c                        r_ble_ll_ext_adv_phy_mode_to_local_phy = 0x40000f5c
                0x40000f64                        r_ble_ll_ext_scan_parse_adv_info = 0x40000f64
                0x40000f68                        r_ble_ll_ext_scan_parse_aux_ptr = 0x40000f68
                0x40000f6c                        r_ble_ll_flush_pkt_queue = 0x40000f6c
                0x40000f70                        r_ble_ll_generate_dh_key_v1 = 0x40000f70
                0x40000f74                        r_ble_ll_generate_dh_key_v2 = 0x40000f74
                0x40000f7c                        r_ble_ll_get_addr_type = 0x40000f7c
                0x40000f84                        r_ble_ll_get_our_devaddr = 0x40000f84
                0x40000f88                        r_ble_ll_get_tx_pwr_compensation = 0x40000f88
                0x40000f8c                        r_ble_ll_hci_acl_rx = 0x40000f8c
                0x40000f90                        r_ble_ll_hci_adv_mode_ext = 0x40000f90
                0x40000f94                        r_ble_ll_hci_adv_set_enable = 0x40000f94
                0x40000f9c                        r_ble_ll_hci_cb_set_ctrlr_to_host_fc = 0x40000f9c
                0x40000fa0                        r_ble_ll_hci_cb_set_event_mask = 0x40000fa0
                0x40000fa4                        r_ble_ll_hci_cb_set_event_mask2 = 0x40000fa4
                0x40000fa8                        r_ble_ll_hci_chk_phy_masks = 0x40000fa8
                0x40000fb0                        r_ble_ll_hci_cmd_rx = 0x40000fb0
                0x40000fbc                        r_ble_ll_hci_disconnect = 0x40000fbc
                0x40000fc4                        r_ble_ll_hci_ev_conn_update = 0x40000fc4
                0x40000fc8                        r_ble_ll_hci_ev_databuf_overflow = 0x40000fc8
                0x40000fcc                        r_ble_ll_hci_ev_datalen_chg = 0x40000fcc
                0x40000fd0                        r_ble_ll_hci_ev_encrypt_chg = 0x40000fd0
                0x40000fd4                        r_ble_ll_hci_ev_hw_err = 0x40000fd4
                0x40000fd8                        r_ble_ll_hci_ev_le_csa = 0x40000fd8
                0x40000fdc                        r_ble_ll_hci_ev_ltk_req = 0x40000fdc
                0x40000fe0                        r_ble_ll_hci_ev_phy_update = 0x40000fe0
                0x40000fe4                        r_ble_ll_hci_ev_rd_rem_used_feat = 0x40000fe4
                0x40000fe8                        r_ble_ll_hci_ev_rd_rem_ver = 0x40000fe8
                0x40000fec                        r_ble_ll_hci_ev_rem_conn_parm_req = 0x40000fec
                0x40000ff0                        r_ble_ll_hci_ev_sca_update = 0x40000ff0
                0x40000ff4                        r_ble_ll_hci_ev_send_adv_set_terminated = 0x40000ff4
                0x40000ff8                        r_ble_ll_hci_ev_send_scan_req_recv = 0x40000ff8
                0x40000ffc                        r_ble_ll_hci_ev_send_scan_timeout = 0x40000ffc
                0x40001000                        r_ble_ll_hci_ev_send_vendor_err = 0x40001000
                0x40001008                        r_ble_ll_hci_ext_scan_set_enable = 0x40001008
                0x4000100c                        r_ble_ll_hci_get_num_cmd_pkts = 0x4000100c
                0x40001010                        r_ble_ll_hci_info_params_cmd_proc = 0x40001010
                0x40001014                        r_ble_ll_hci_init = 0x40001014
                0x40001018                        r_ble_ll_hci_init_support_cmd_base_on_lmp_ver = 0x40001018
                0x4000101c                        r_ble_ll_hci_is_event_enabled = 0x4000101c
                0x40001020                        r_ble_ll_hci_is_le_event_enabled = 0x40001020
                0x40001028                        r_ble_ll_hci_le_cmd_send_cmd_status = 0x40001028
                0x4000102c                        r_ble_ll_hci_le_encrypt = 0x4000102c
                0x40001030                        r_ble_ll_hci_le_rand = 0x40001030
                0x40001034                        r_ble_ll_hci_le_rd_max_data_len = 0x40001034
                0x40001038                        r_ble_ll_hci_le_rd_sugg_data_len = 0x40001038
                0x4000103c                        r_ble_ll_hci_le_read_bufsize = 0x4000103c
                0x40001044                        r_ble_ll_hci_le_read_supp_states = 0x40001044
                0x40001048                        r_ble_ll_hci_le_set_def_phy = 0x40001048
                0x4000104c                        r_ble_ll_hci_le_wr_sugg_data_len = 0x4000104c
                0x40001050                        r_ble_ll_hci_link_ctrl_cmd_proc = 0x40001050
                0x40001054                        r_ble_ll_hci_npl_init = 0x40001054
                0x40001058                        r_ble_ll_hci_post_gen_dhkey_cmp_evt = 0x40001058
                0x4000105c                        r_ble_ll_hci_post_rd_p256_pubkey_cmp_evt = 0x4000105c
                0x40001060                        r_ble_ll_hci_rd_bd_addr = 0x40001060
                0x40001064                        r_ble_ll_hci_rd_local_supp_cmd = 0x40001064
                0x40001068                        r_ble_ll_hci_rd_local_supp_feat = 0x40001068
                0x4000106c                        r_ble_ll_hci_rd_local_version = 0x4000106c
                0x40001070                        r_ble_ll_hci_scan_set_enable = 0x40001070
                0x40001074                        r_ble_ll_hci_send_adv_report = 0x40001074
                0x40001078                        r_ble_ll_hci_send_dir_adv_report = 0x40001078
                0x40001084                        r_ble_ll_hci_send_noop = 0x40001084
                0x40001088                        r_ble_ll_hci_set_adv_data = 0x40001088
                0x4000108c                        r_ble_ll_hci_set_le_event_mask = 0x4000108c
                0x40001090                        r_ble_ll_hci_set_scan_rsp_data = 0x40001090
                0x40001094                        r_ble_ll_hci_status_params_cmd_proc = 0x40001094
                0x40001098                        r_ble_ll_hci_vs_cmd_proc = 0x40001098
                0x4000109c                        r_ble_ll_hci_vs_rd_static_addr = 0x4000109c
                0x400010a0                        r_ble_ll_hw_err_timer_cb = 0x400010a0
                0x400010a4                        r_ble_ll_hw_error = 0x400010a4
                0x400010ac                        r_ble_ll_init_alloc_conn_comp_ev = 0x400010ac
                0x400010b0                        r_ble_ll_init_get_conn_comp_ev = 0x400010b0
                0x400010b8                        r_ble_ll_is_addr_empty = 0x400010b8
                0x400010bc                        r_ble_ll_is_controller_busy = 0x400010bc
                0x400010c0                        r_ble_ll_is_on_resolv_list = 0x400010c0
                0x400010c4                        r_ble_ll_is_our_devaddr = 0x400010c4
                0x400010c8                        r_ble_ll_is_rpa = 0x400010c8
                0x400010cc                        r_ble_ll_is_valid_adv_mode = 0x400010cc
                0x400010d0                        r_ble_ll_is_valid_own_addr_type = 0x400010d0
                0x400010d4                        r_ble_ll_is_valid_public_addr = 0x400010d4
                0x400010d8                        r_ble_ll_is_valid_random_addr = 0x400010d8
                0x400010e0                        r_ble_ll_misc_options_set = 0x400010e0
                0x400010e4                        r_ble_ll_modify_sca = 0x400010e4
                0x400010ec                        r_ble_ll_pdu_max_tx_octets_get = 0x400010ec
                0x400010f0                        r_ble_ll_pdu_tx_time_get = 0x400010f0
                0x400010f4                        r_ble_ll_phy_to_phy_mode = 0x400010f4
                0x400010f8                        r_ble_ll_qa_enable = 0x400010f8
                0x40001100                        r_ble_ll_rand_data_get = 0x40001100
                0x4000110c                        r_ble_ll_rand_init = 0x4000110c
                0x40001110                        r_ble_ll_rand_prand_get = 0x40001110
                0x40001114                        r_ble_ll_rand_sample = 0x40001114
                0x40001118                        r_ble_ll_rand_start = 0x40001118
                0x4000111c                        r_ble_ll_read_local_p256_pub_key = 0x4000111c
                0x40001120                        r_ble_ll_read_rf_path_compensation = 0x40001120
                0x40001124                        r_ble_ll_read_supp_features = 0x40001124
                0x40001128                        r_ble_ll_read_supp_states = 0x40001128
                0x40001134                        r_ble_ll_resolv_clear_all_pl_bit = 0x40001134
                0x40001138                        r_ble_ll_resolv_clear_all_wl_bit = 0x40001138
                0x40001140                        r_ble_ll_resolv_enable_cmd = 0x40001140
                0x40001144                        r_ble_ll_resolv_enabled = 0x40001144
                0x40001150                        r_ble_ll_resolv_gen_rpa = 0x40001150
                0x40001154                        r_ble_ll_resolv_get_addr_pointer = 0x40001154
                0x40001158                        r_ble_ll_resolv_get_index = 0x40001158
                0x4000115c                        r_ble_ll_resolv_get_irk_pointer = 0x4000115c
                0x40001160                        r_ble_ll_resolv_get_list = 0x40001160
                0x40001164                        r_ble_ll_resolv_get_priv_addr = 0x40001164
                0x40001168                        r_ble_ll_resolv_get_rpa_tmo = 0x40001168
                0x40001170                        r_ble_ll_resolv_irk_nonzero = 0x40001170
                0x40001174                        r_ble_ll_resolv_list_add = 0x40001174
                0x40001178                        r_ble_ll_resolv_list_chg_allowed = 0x40001178
                0x4000117c                        r_ble_ll_resolv_list_clr = 0x4000117c
                0x40001180                        r_ble_ll_resolv_list_find = 0x40001180
                0x40001184                        r_ble_ll_resolv_list_read_size = 0x40001184
                0x40001188                        r_ble_ll_resolv_list_reset = 0x40001188
                0x40001190                        r_ble_ll_resolv_local_addr_rd = 0x40001190
                0x40001194                        r_ble_ll_resolv_peer_addr_rd = 0x40001194
                0x40001198                        r_ble_ll_resolv_peer_rpa_any = 0x40001198
                0x4000119c                        r_ble_ll_resolv_reset = 0x4000119c
                0x400011a0                        r_ble_ll_resolv_rpa = 0x400011a0
                0x400011a4                        r_ble_ll_resolv_rpa_timer_cb = 0x400011a4
                0x400011a8                        r_ble_ll_resolv_set_local_rpa = 0x400011a8
                0x400011ac                        r_ble_ll_resolv_set_peer_rpa = 0x400011ac
                0x400011b0                        r_ble_ll_resolv_set_rpa_tmo = 0x400011b0
                0x400011b4                        r_ble_ll_resolve_set_priv_mode = 0x400011b4
                0x400011b8                        r_ble_ll_rxpdu_alloc = 0x400011b8
                0x400011bc                        r_ble_ll_scan_add_scan_rsp_adv = 0x400011bc
                0x400011c0                        r_ble_ll_scan_adv_decode_addr = 0x400011c0
                0x400011c4                        r_ble_ll_scan_aux_data_ref = 0x400011c4
                0x400011c8                        r_ble_ll_scan_aux_data_unref = 0x400011c8
                0x400011cc                        r_ble_ll_scan_can_chg_whitelist = 0x400011cc
                0x400011d0                        r_ble_ll_scan_check_periodic_sync = 0x400011d0
                0x400011d4                        r_ble_ll_scan_classify_filter_aux_init = 0x400011d4
                0x400011d8                        r_ble_ll_scan_classify_filter_init = 0x400011d8
                0x400011dc                        r_ble_ll_scan_common_init = 0x400011dc
                0x400011e0                        r_ble_ll_scan_continue_en = 0x400011e0
                0x400011e8                        r_ble_ll_scan_dup_check_ext = 0x400011e8
                0x400011ec                        r_ble_ll_scan_dup_check_legacy = 0x400011ec
                0x400011f0                        r_ble_ll_scan_dup_move_to_head = 0x400011f0
                0x400011f4                        r_ble_ll_scan_dup_new = 0x400011f4
                0x400011f8                        r_ble_ll_scan_dup_update_ext = 0x400011f8
                0x400011fc                        r_ble_ll_scan_dup_update_legacy = 0x400011fc
                0x40001200                        r_ble_ll_scan_enabled = 0x40001200
                0x40001204                        r_ble_ll_scan_end_adv_evt = 0x40001204
                0x4000120c                        r_ble_ll_scan_ext_initiator_start = 0x4000120c
                0x40001210                        r_ble_ll_scan_get_addr_data_from_legacy = 0x40001210
                0x40001214                        r_ble_ll_scan_get_addr_from_ext_adv = 0x40001214
                0x40001218                        r_ble_ll_scan_get_cur_sm = 0x40001218
                0x4000121c                        r_ble_ll_scan_get_ext_adv_report = 0x4000121c
                0x40001220                        r_ble_ll_scan_get_local_rpa = 0x40001220
                0x40001224                        r_ble_ll_scan_get_next_adv_prim_chan = 0x40001224
                0x40001228                        r_ble_ll_scan_get_peer_rpa = 0x40001228
                0x4000122c                        r_ble_ll_scan_have_rxd_scan_rsp = 0x4000122c
                0x40001234                        r_ble_ll_scan_initiator_start = 0x40001234
                0x40001238                        r_ble_ll_scan_is_inside_window = 0x40001238
                0x4000123c                        r_ble_ll_scan_move_window_to = 0x4000123c
                0x40001240                        r_ble_ll_scan_npl_reset = 0x40001240
                0x40001244                        r_ble_ll_scan_parse_auxptr = 0x40001244
                0x40001248                        r_ble_ll_scan_parse_ext_hdr = 0x40001248
                0x40001250                        r_ble_ll_scan_record_new_adv = 0x40001250
                0x40001254                        r_ble_ll_scan_refresh_nrpa = 0x40001254
                0x40001258                        r_ble_ll_scan_reset = 0x40001258
                0x4000125c                        r_ble_ll_scan_rx_pkt_in = 0x4000125c
                0x40001268                        r_ble_ll_scan_rx_pkt_in_restore_addr_data = 0x40001268
                0x4000126c                        r_ble_ll_scan_rxed = 0x4000126c
                0x40001274                        r_ble_ll_scan_send_truncated = 0x40001274
                0x4000127c                        r_ble_ll_scan_set_peer_rpa = 0x4000127c
                0x40001280                        r_ble_ll_scan_set_perfer_addr = 0x40001280
                0x40001288                        r_ble_ll_scan_sm_start = 0x40001288
                0x4000128c                        r_ble_ll_scan_sm_stop = 0x4000128c
                0x40001290                        r_ble_ll_scan_time_hci_to_ticks = 0x40001290
                0x40001294                        r_ble_ll_scan_update_aux_data = 0x40001294
                0x40001298                        r_ble_ll_scan_whitelist_enabled = 0x40001298
                0x4000129c                        r_ble_ll_set_default_privacy_mode = 0x4000129c
                0x400012a0                        r_ble_ll_set_default_sync_transfer_params = 0x400012a0
                0x400012ac                        r_ble_ll_set_public_addr = 0x400012ac
                0x400012b0                        r_ble_ll_set_random_addr = 0x400012b0
                0x400012b4                        r_ble_ll_set_sync_transfer_params = 0x400012b4
                0x400012b8                        r_ble_ll_state_get = 0x400012b8
                0x400012bc                        r_ble_ll_state_set = 0x400012bc
                0x400012c0                        r_ble_ll_sync_adjust_ext_hdr = 0x400012c0
                0x400012c4                        r_ble_ll_sync_cancel = 0x400012c4
                0x400012c8                        r_ble_ll_sync_cancel_complete_event = 0x400012c8
                0x400012cc                        r_ble_ll_sync_check_acad = 0x400012cc
                0x400012d0                        r_ble_ll_sync_check_failed = 0x400012d0
                0x400012dc                        r_ble_ll_sync_enabled = 0x400012dc
                0x400012ec                        r_ble_ll_sync_established = 0x400012ec
                0x400012f0                        r_ble_ll_sync_filter_enabled = 0x400012f0
                0x400012f4                        r_ble_ll_sync_find = 0x400012f4
                0x400012f8                        r_ble_ll_sync_get_cur_sm = 0x400012f8
                0x400012fc                        r_ble_ll_sync_get_handle = 0x400012fc
                0x40001300                        r_ble_ll_sync_get_sm = 0x40001300
                0x40001304                        r_ble_ll_sync_info_event = 0x40001304
                0x40001308                        r_ble_ll_sync_init = 0x40001308
                0x4000130c                        r_ble_ll_sync_list_add = 0x4000130c
                0x40001310                        r_ble_ll_sync_list_clear = 0x40001310
                0x40001314                        r_ble_ll_sync_list_empty = 0x40001314
                0x40001318                        r_ble_ll_sync_list_get_free = 0x40001318
                0x4000131c                        r_ble_ll_sync_list_remove = 0x4000131c
                0x40001320                        r_ble_ll_sync_list_search = 0x40001320
                0x40001324                        r_ble_ll_sync_list_size = 0x40001324
                0x40001328                        r_ble_ll_sync_lost_event = 0x40001328
                0x4000132c                        r_ble_ll_sync_next_event = 0x4000132c
                0x40001330                        r_ble_ll_sync_on_list = 0x40001330
                0x40001338                        r_ble_ll_sync_periodic_ind = 0x40001338
                0x4000133c                        r_ble_ll_sync_phy_mode_to_aux_phy = 0x4000133c
                0x40001340                        r_ble_ll_sync_phy_mode_to_hci = 0x40001340
                0x4000134c                        r_ble_ll_sync_reserve = 0x4000134c
                0x40001350                        r_ble_ll_sync_reset = 0x40001350
                0x40001354                        r_ble_ll_sync_reset_sm = 0x40001354
                0x4000135c                        r_ble_ll_sync_send_per_adv_rpt = 0x4000135c
                0x40001360                        r_ble_ll_sync_send_sync_ind = 0x40001360
                0x40001364                        r_ble_ll_sync_send_truncated_per_adv_rpt = 0x40001364
                0x40001368                        r_ble_ll_sync_sm_clear = 0x40001368
                0x4000136c                        r_ble_ll_sync_terminate = 0x4000136c
                0x40001370                        r_ble_ll_sync_transfer = 0x40001370
                0x40001374                        r_ble_ll_sync_transfer_get = 0x40001374
                0x40001378                        r_ble_ll_sync_transfer_received = 0x40001378
                0x40001384                        r_ble_ll_trace_u32 = 0x40001384
                0x40001388                        r_ble_ll_trace_u32x2 = 0x40001388
                0x4000138c                        r_ble_ll_trace_u32x3 = 0x4000138c
                0x40001390                        r_ble_ll_tx_flat_mbuf_pducb = 0x40001390
                0x4000139c                        r_ble_ll_update_max_tx_octets_phy_mode = 0x4000139c
                0x400013a0                        r_ble_ll_usecs_to_ticks_round_up = 0x400013a0
                0x400013a4                        r_ble_ll_utils_calc_access_addr = 0x400013a4
                0x400013a8                        r_ble_ll_utils_calc_dci_csa2 = 0x400013a8
                0x400013ac                        r_ble_ll_utils_calc_num_used_chans = 0x400013ac
                0x400013b0                        r_ble_ll_utils_calc_window_widening = 0x400013b0
                0x400013b4                        r_ble_ll_utils_csa2_perm = 0x400013b4
                0x400013b8                        r_ble_ll_utils_csa2_prng = 0x400013b8
                0x400013bc                        r_ble_ll_utils_remapped_channel = 0x400013bc
                0x400013c0                        r_ble_ll_whitelist_add = 0x400013c0
                0x400013c4                        r_ble_ll_whitelist_chg_allowed = 0x400013c4
                0x400013cc                        r_ble_ll_whitelist_read_size = 0x400013cc
                0x400013d8                        r_ble_ll_write_rf_path_compensation = 0x400013d8
                0x400013e0                        r_ble_lll_adv_aux_schedule = 0x400013e0
                0x400013e4                        r_ble_lll_adv_aux_schedule_first = 0x400013e4
                0x400013e8                        r_ble_lll_adv_aux_schedule_next = 0x400013e8
                0x400013ec                        r_ble_lll_adv_aux_scheduled = 0x400013ec
                0x400013f0                        r_ble_lll_adv_aux_set_start_time = 0x400013f0
                0x400013f4                        r_ble_lll_adv_coex_dpc_calc_pti_update_itvl = 0x400013f4
                0x400013f8                        r_ble_lll_adv_coex_dpc_process_pri = 0x400013f8
                0x400013fc                        r_ble_lll_adv_coex_dpc_process_sec = 0x400013fc
                0x40001400                        r_ble_lll_adv_coex_dpc_pti_get = 0x40001400
                0x40001404                        r_ble_lll_adv_coex_dpc_update = 0x40001404
                0x40001408                        r_ble_lll_adv_coex_dpc_update_on_adv_start = 0x40001408
                0x4000140c                        r_ble_lll_adv_coex_dpc_update_on_aux_scheduled = 0x4000140c
                0x40001410                        r_ble_lll_adv_coex_dpc_update_on_data_updated = 0x40001410
                0x40001414                        r_ble_lll_adv_coex_dpc_update_on_event_end = 0x40001414
                0x40001418                        r_ble_lll_adv_coex_dpc_update_on_event_scheduled = 0x40001418
                0x4000141c                        r_ble_lll_adv_done = 0x4000141c
                0x40001424                        r_ble_lll_adv_event_done = 0x40001424
                0x40001428                        r_ble_lll_adv_event_rmvd_from_sched = 0x40001428
                0x40001430                        r_ble_lll_adv_get_sec_pdu_len = 0x40001430
                0x40001438                        r_ble_lll_adv_make_done = 0x40001438
                0x4000143c                        r_ble_lll_adv_periodic_done = 0x4000143c
                0x40001440                        r_ble_lll_adv_periodic_event_done = 0x40001440
                0x40001444                        r_ble_lll_adv_periodic_rmvd_from_sched = 0x40001444
                0x40001448                        r_ble_lll_adv_periodic_schedule_first = 0x40001448
                0x40001458                        r_ble_lll_adv_pri_schedule_tx_pdu = 0x40001458
                0x4000145c                        r_ble_lll_adv_reschedule_event = 0x4000145c
                0x40001460                        r_ble_lll_adv_reschedule_periodic_event = 0x40001460
                0x4000146c                        r_ble_lll_adv_sec_event_done = 0x4000146c
                0x40001470                        r_ble_lll_adv_sec_schedule_next_aux = 0x40001470
                0x40001474                        r_ble_lll_adv_secondary_tx_start_cb = 0x40001474
                0x40001478                        r_ble_lll_adv_sm_deinit = 0x40001478
                0x4000147c                        r_ble_lll_adv_sm_event_init = 0x4000147c
                0x40001480                        r_ble_lll_adv_sm_event_restore = 0x40001480
                0x40001484                        r_ble_lll_adv_sm_event_store = 0x40001484
                0x40001488                        r_ble_lll_adv_sm_init = 0x40001488
                0x4000148c                        r_ble_lll_adv_sm_reset = 0x4000148c
                0x40001490                        r_ble_lll_adv_start = 0x40001490
                0x40001494                        r_ble_lll_adv_stop = 0x40001494
                0x40001498                        r_ble_lll_adv_sync_next_scheduled = 0x40001498
                0x4000149c                        r_ble_lll_adv_sync_schedule = 0x4000149c
                0x400014a0                        r_ble_lll_adv_sync_tx_done = 0x400014a0
                0x400014a4                        r_ble_lll_adv_sync_tx_end = 0x400014a4
                0x400014a8                        r_ble_lll_adv_sync_tx_start_cb = 0x400014a8
                0x400014ac                        r_ble_lll_adv_tx_done = 0x400014ac
                0x400014b0                        r_ble_lll_adv_tx_start_cb = 0x400014b0
                0x400014b4                        r_ble_lll_adv_update_rsp_offset = 0x400014b4
                0x400014b8                        r_ble_lll_aux_scan_cb = 0x400014b8
                0x400014bc                        r_ble_lll_aux_scan_drop = 0x400014bc
                0x400014c0                        r_ble_lll_aux_scan_drop_event_cb = 0x400014c0
                0x400014c4                        r_ble_lll_calc_us_convert_tick_unit = 0x400014c4
                0x400014cc                        r_ble_lll_conn_can_send_next_pdu = 0x400014cc
                0x400014d0                        r_ble_lll_conn_check_opcode_matched = 0x400014d0
                0x400014d4                        r_ble_lll_conn_coex_dpc_process = 0x400014d4
                0x400014d8                        r_ble_lll_conn_coex_dpc_pti_get = 0x400014d8
                0x400014dc                        r_ble_lll_conn_coex_dpc_update = 0x400014dc
                0x400014e0                        r_ble_lll_conn_coex_dpc_update_on_event_end = 0x400014e0
                0x400014e4                        r_ble_lll_conn_coex_dpc_update_on_event_scheduled = 0x400014e4
                0x400014e8                        r_ble_lll_conn_coex_dpc_update_on_event_started = 0x400014e8
                0x400014ec                        r_ble_lll_conn_cth_flow_alloc_credit = 0x400014ec
                0x400014f4                        r_ble_lll_conn_current_sm_over = 0x400014f4
                0x40001510                        r_ble_lll_conn_event_is_over = 0x40001510
                0x40001514                        r_ble_lll_conn_event_start_cb = 0x40001514
                0x40001518                        r_ble_lll_conn_free_rx_mbuf = 0x40001518
                0x4000151c                        r_ble_lll_conn_get_addr_info_from_rx_buf = 0x4000151c
                0x40001520                        r_ble_lll_conn_get_ce_end_time = 0x40001520
                0x40001524                        r_ble_lll_conn_get_next_sched_time = 0x40001524
                0x40001530                        r_ble_lll_conn_master_common_init = 0x40001530
                0x40001534                        r_ble_lll_conn_master_new = 0x40001534
                0x40001540                        r_ble_lll_conn_module_reset = 0x40001540
                0x40001548                        r_ble_lll_conn_pre_process = 0x40001548
                0x40001554                        r_ble_lll_conn_recv_ack = 0x40001554
                0x40001558                        r_ble_lll_conn_recv_valid_packet = 0x40001558
                0x4000155c                        r_ble_lll_conn_reset_pending_sched = 0x4000155c
                0x40001564                        r_ble_lll_conn_sched_next_anchor = 0x40001564
                0x40001568                        r_ble_lll_conn_sched_next_event = 0x40001568
                0x40001574                        r_ble_lll_conn_sm_new = 0x40001574
                0x40001578                        r_ble_lll_conn_sm_npl_deinit = 0x40001578
                0x4000157c                        r_ble_lll_conn_sm_npl_init = 0x4000157c
                0x40001580                        r_ble_lll_conn_superversion_timer_cb = 0x40001580
                0x40001584                        r_ble_lll_conn_timeout = 0x40001584
                0x40001588                        r_ble_lll_conn_update_anchor = 0x40001588
                0x4000158c                        r_ble_lll_conn_update_conn_ind_params = 0x4000158c
                0x40001594                        r_ble_lll_conn_update_tx_buffer = 0x40001594
                0x40001598                        r_ble_lll_deinit = 0x40001598
                0x4000159c                        r_ble_lll_dtm_calculate_itvl = 0x4000159c
                0x400015a0                        r_ble_lll_dtm_ctx_free = 0x400015a0
                0x400015a8                        r_ble_lll_dtm_end_test = 0x400015a8
                0x400015ac                        r_ble_lll_dtm_ev_rx_restart_cb = 0x400015ac
                0x400015b0                        r_ble_lll_dtm_ev_tx_resched_cb = 0x400015b0
                0x400015b8                        r_ble_lll_dtm_reset = 0x400015b8
                0x400015bc                        r_ble_lll_dtm_rx_create_ctx = 0x400015bc
                0x400015c0                        r_ble_lll_dtm_rx_isr_end = 0x400015c0
                0x400015c4                        r_ble_lll_dtm_rx_isr_start = 0x400015c4
                0x400015c8                        r_ble_lll_dtm_rx_pkt_in = 0x400015c8
                0x400015cc                        r_ble_lll_dtm_rx_sched_cb = 0x400015cc
                0x400015d0                        r_ble_lll_dtm_rx_start = 0x400015d0
                0x400015d4                        r_ble_lll_dtm_rx_test = 0x400015d4
                0x400015d8                        r_ble_lll_dtm_set_next = 0x400015d8
                0x400015e0                        r_ble_lll_dtm_tx_done = 0x400015e0
                0x400015e4                        r_ble_lll_dtm_tx_sched_cb = 0x400015e4
                0x400015e8                        r_ble_lll_dtm_tx_test = 0x400015e8
                0x400015ec                        r_ble_lll_dtm_wfr_timer_exp = 0x400015ec
                0x400015f0                        r_ble_lll_event_rx_pkt = 0x400015f0
                0x400015f4                        r_ble_lll_ext_scan_coex_dpc_process = 0x400015f4
                0x400015f8                        r_ble_lll_ext_scan_coex_dpc_pti_get = 0x400015f8
                0x400015fc                        r_ble_lll_ext_scan_coex_dpc_update = 0x400015fc
                0x40001600                        r_ble_lll_ext_scan_coex_dpc_update_on_start = 0x40001600
                0x40001604                        r_ble_lll_hci_dtm_rx_test = 0x40001604
                0x40001608                        r_ble_lll_hci_dtm_rx_test_v2 = 0x40001608
                0x4000160c                        r_ble_lll_hci_dtm_tx_test = 0x4000160c
                0x40001610                        r_ble_lll_hci_dtm_tx_test_ext = 0x40001610
                0x40001614                        r_ble_lll_hci_dtm_tx_test_v2 = 0x40001614
                0x40001618                        r_ble_lll_hci_dtm_tx_test_v2_ext = 0x40001618
                0x4000161c                        r_ble_lll_init = 0x4000161c
                0x40001620                        r_ble_lll_init_pre_process = 0x40001620
                0x40001628                        r_ble_lll_per_adv_coex_dpc_calc_pti_update_itvl = 0x40001628
                0x4000162c                        r_ble_lll_per_adv_coex_dpc_process = 0x4000162c
                0x40001630                        r_ble_lll_per_adv_coex_dpc_pti_get = 0x40001630
                0x40001634                        r_ble_lll_per_adv_coex_dpc_update = 0x40001634
                0x40001638                        r_ble_lll_per_adv_coex_dpc_update_on_data_updated = 0x40001638
                0x4000163c                        r_ble_lll_per_adv_coex_dpc_update_on_scheduled = 0x4000163c
                0x40001640                        r_ble_lll_per_adv_coex_dpc_update_on_start = 0x40001640
                0x40001660                        r_ble_lll_rfmgmt_is_enabled = 0x40001660
                0x40001664                        r_ble_lll_rfmgmt_release = 0x40001664
                0x40001670                        r_ble_lll_rfmgmt_scan_changed = 0x40001670
                0x40001674                        r_ble_lll_rfmgmt_sched_changed = 0x40001674
                0x40001678                        r_ble_lll_rfmgmt_set_sleep_cb = 0x40001678
                0x4000167c                        r_ble_lll_rfmgmt_ticks_to_enabled = 0x4000167c
                0x40001688                        r_ble_lll_rx_pdu_in = 0x40001688
                0x4000168c                        r_ble_lll_rx_pkt_in = 0x4000168c
                0x40001690                        r_ble_lll_rx_pkt_isr = 0x40001690
                0x40001694                        r_ble_lll_scan_abort_aux_sched = 0x40001694
                0x4000169c                        r_ble_lll_scan_chk_resume = 0x4000169c
                0x400016a0                        r_ble_lll_scan_clean_cur_aux_data = 0x400016a0
                0x400016a4                        r_ble_lll_scan_coex_event_cb = 0x400016a4
                0x400016a8                        r_ble_lll_scan_common_init = 0x400016a8
                0x400016ac                        r_ble_lll_scan_deinit = 0x400016ac
                0x400016b0                        r_ble_lll_scan_duration_period_timers_restart = 0x400016b0
                0x400016b4                        r_ble_lll_scan_duration_period_timers_stop = 0x400016b4
                0x400016b8                        r_ble_lll_scan_duration_timer_cb = 0x400016b8
                0x400016bc                        r_ble_lll_scan_event_proc = 0x400016bc
                0x400016c0                        r_ble_lll_scan_ext_adv_init = 0x400016c0
                0x400016c8                        r_ble_lll_scan_has_sent_scan_req = 0x400016c8
                0x400016d4                        r_ble_lll_scan_npl_reset = 0x400016d4
                0x400016d8                        r_ble_lll_scan_npl_restore = 0x400016d8
                0x400016dc                        r_ble_lll_scan_npl_store = 0x400016dc
                0x400016e0                        r_ble_lll_scan_period_timer_cb = 0x400016e0
                0x400016e4                        r_ble_lll_scan_process_adv_in_isr = 0x400016e4
                0x400016ec                        r_ble_lll_scan_req_backoff = 0x400016ec
                0x40001700                        r_ble_lll_scan_sched_next_aux = 0x40001700
                0x40001704                        r_ble_lll_scan_sched_remove = 0x40001704
                0x40001708                        r_ble_lll_scan_start = 0x40001708
                0x4000170c                        r_ble_lll_scan_start_rx = 0x4000170c
                0x40001718                        r_ble_lll_scan_timer_cb = 0x40001718
                0x4000171c                        r_ble_lll_sched_adv_new = 0x4000171c
                0x40001720                        r_ble_lll_sched_adv_resched_pdu = 0x40001720
                0x40001724                        r_ble_lll_sched_adv_reschedule = 0x40001724
                0x40001728                        r_ble_lll_sched_aux_scan = 0x40001728